Archive member included because of file (symbol)

C:\Users\USER\AppData\Local\arduino15\packages\arduino\hardware\sam\1.6.11\variants\arduino_due_x/libsam_sam3x8e_gcc_rel.a(pio.o)
                              C:\Users\USER\AppData\Local\Temp\VMBuilds\VESCuino_UART\arduino_due_x_dbg\Debug\SPI\SPI.cpp.o (PIO_Configure)
C:\Users\USER\AppData\Local\arduino15\packages\arduino\hardware\sam\1.6.11\variants\arduino_due_x/libsam_sam3x8e_gcc_rel.a(pmc.o)
                              C:\Users\USER\AppData\Local\Temp\VMBuilds\VESCuino_UART\arduino_due_x_dbg\Debug\DueTimer\DueTimer.cpp.o (pmc_enable_periph_clk)
C:\Users\USER\AppData\Local\arduino15\packages\arduino\hardware\sam\1.6.11\variants\arduino_due_x/libsam_sam3x8e_gcc_rel.a(spi.o)
                              C:\Users\USER\AppData\Local\Temp\VMBuilds\VESCuino_UART\arduino_due_x_dbg\Debug\SPI\SPI.cpp.o (SPI_Enable)
C:\Users\USER\AppData\Local\arduino15\packages\arduino\hardware\sam\1.6.11\variants\arduino_due_x/libsam_sam3x8e_gcc_rel.a(tc.o)
                              C:\Users\USER\AppData\Local\Temp\VMBuilds\VESCuino_UART\arduino_due_x_dbg\Debug\DueTimer\DueTimer.cpp.o (TC_Configure)
C:\Users\USER\AppData\Local\arduino15\packages\arduino\hardware\sam\1.6.11\variants\arduino_due_x/libsam_sam3x8e_gcc_rel.a(system_sam3xa.o)
                              C:\Users\USER\AppData\Local\Temp\VMBuilds\VESCuino_UART\arduino_due_x_dbg\Debug\variant\variant.cpp.o (SystemInit)
C:\Users\USER\AppData\Local\arduino15\packages\arduino\hardware\sam\1.6.11\variants\arduino_due_x/libsam_sam3x8e_gcc_rel.a(startup_sam3xa.o)
                              (Reset_Handler)
C:\Users\USER\AppData\Local\arduino15\packages\arduino\hardware\sam\1.6.11\variants\arduino_due_x/libsam_sam3x8e_gcc_rel.a(adc.o)
                              C:\Users\USER\AppData\Local\Temp\VMBuilds\VESCuino_UART\arduino_due_x_dbg\Debug\variant\variant.cpp.o (adc_init)
C:\Users\USER\AppData\Local\arduino15\packages\arduino\hardware\sam\1.6.11\variants\arduino_due_x/libsam_sam3x8e_gcc_rel.a(uotghs.o)
                              C:\Users\USER\AppData\Local\arduino15\packages\arduino\hardware\sam\1.6.11\variants\arduino_due_x/libsam_sam3x8e_gcc_rel.a(startup_sam3xa.o) (UOTGHS_Handler)
C:\Users\USER\AppData\Local\Temp\VMBuilds\VESCuino_UART\arduino_due_x_dbg\Debug/core.a(cortex_handlers.c.o)
                              C:\Users\USER\AppData\Local\arduino15\packages\arduino\hardware\sam\1.6.11\variants\arduino_due_x/libsam_sam3x8e_gcc_rel.a(startup_sam3xa.o) (NMI_Handler)
C:\Users\USER\AppData\Local\Temp\VMBuilds\VESCuino_UART\arduino_due_x_dbg\Debug/core.a(hooks.c.o)
                              C:\Users\USER\AppData\Local\Temp\VMBuilds\VESCuino_UART\arduino_due_x_dbg\Debug/core.a(cortex_handlers.c.o) (sysTickHook)
C:\Users\USER\AppData\Local\Temp\VMBuilds\VESCuino_UART\arduino_due_x_dbg\Debug/core.a(syscalls_sam3.c.o)
                              (_sbrk)
C:\Users\USER\AppData\Local\Temp\VMBuilds\VESCuino_UART\arduino_due_x_dbg\Debug/core.a(wiring.c.o)
                              C:\Users\USER\AppData\Local\Temp\VMBuilds\VESCuino_UART\arduino_due_x_dbg\Debug\VM_DBG\VM_DBG.cpp.o (millis)
C:\Users\USER\AppData\Local\Temp\VMBuilds\VESCuino_UART\arduino_due_x_dbg\Debug/core.a(wiring_analog.c.o)
                              C:\Users\USER\AppData\Local\Temp\VMBuilds\VESCuino_UART\arduino_due_x_dbg\Debug\variant\variant.cpp.o (analogOutputInit)
C:\Users\USER\AppData\Local\Temp\VMBuilds\VESCuino_UART\arduino_due_x_dbg\Debug/core.a(wiring_digital.c.o)
                              C:\Users\USER\AppData\Local\Temp\VMBuilds\VESCuino_UART\arduino_due_x_dbg\Debug\SPI\SPI.cpp.o (pinMode)
C:\Users\USER\AppData\Local\Temp\VMBuilds\VESCuino_UART\arduino_due_x_dbg\Debug/core.a(main.cpp.o)
                              c:/users/user/appdata/local/arduino15/packages/arduino/tools/arm-none-eabi-gcc/4.8.3-2014q1/bin/../lib/gcc/arm-none-eabi/4.8.3/../../../../arm-none-eabi/lib/armv7-m/crt0.o (main)
C:\Users\USER\AppData\Local\Temp\VMBuilds\VESCuino_UART\arduino_due_x_dbg\Debug/core.a(new.cpp.o)
                              C:\Users\USER\AppData\Local\Temp\VMBuilds\VESCuino_UART\arduino_due_x_dbg\Debug\VESCuino_UART.cpp.o (operator new[](unsigned int))
C:\Users\USER\AppData\Local\Temp\VMBuilds\VESCuino_UART\arduino_due_x_dbg\Debug/core.a(Print.cpp.o)
                              C:\Users\USER\AppData\Local\Temp\VMBuilds\VESCuino_UART\arduino_due_x_dbg\Debug\VESCuino_Arduino_Control\vescuino_can_arduino.cpp.o (Print::print(__FlashStringHelper const*))
C:\Users\USER\AppData\Local\Temp\VMBuilds\VESCuino_UART\arduino_due_x_dbg\Debug/core.a(Reset.cpp.o)
                              C:\Users\USER\AppData\Local\Temp\VMBuilds\VESCuino_UART\arduino_due_x_dbg\Debug/core.a(cortex_handlers.c.o) (tickReset)
C:\Users\USER\AppData\Local\Temp\VMBuilds\VESCuino_UART\arduino_due_x_dbg\Debug/core.a(RingBuffer.cpp.o)
[...]
Memory Configuration

Name             Origin             Length             Attributes
rom              0x00080000         0x00080000         xr
sram0            0x20000000         0x00010000         xrw
sram1            0x20080000         0x00008000         xrw
ram              0x20070000         0x00018000         xrw
*default*        0x00000000         0xffffffff

Linker script and memory map

LOAD c:/users/user/appdata/local/arduino15/packages/arduino/tools/arm-none-eabi-gcc/4.8.3-2014q1/bin/../lib/gcc/arm-none-eabi/4.8.3/armv7-m/crti.o
LOAD c:/users/user/appdata/local/arduino15/packages/arduino/tools/arm-none-eabi-gcc/4.8.3-2014q1/bin/../lib/gcc/arm-none-eabi/4.8.3/armv7-m/crtbegin.o
LOAD c:/users/user/appdata/local/arduino15/packages/arduino/tools/arm-none-eabi-gcc/4.8.3-2014q1/bin/../lib/gcc/arm-none-eabi/4.8.3/../../../../arm-none-eabi/lib/armv7-m/crt0.o
START GROUP
LOAD C:\Users\USER\AppData\Local\Temp\VMBuilds\VESCuino_UART\arduino_due_x_dbg\Debug\VESCuino_UART.cpp.o
LOAD C:\Users\USER\AppData\Local\Temp\VMBuilds\VESCuino_UART\arduino_due_x_dbg\Debug\SPI\SPI.cpp.o
LOAD C:\Users\USER\AppData\Local\Temp\VMBuilds\VESCuino_UART\arduino_due_x_dbg\Debug\CAN_BUS_Shield-master\mcp_can.cpp.o
LOAD C:\Users\USER\AppData\Local\Temp\VMBuilds\VESCuino_UART\arduino_due_x_dbg\Debug\DueTimer\DueTimer.cpp.o
LOAD C:\Users\USER\AppData\Local\Temp\VMBuilds\VESCuino_UART\arduino_due_x_dbg\Debug\VESCuino_Arduino_Control\bldc_interface.cpp.o
LOAD C:\Users\USER\AppData\Local\Temp\VMBuilds\VESCuino_UART\arduino_due_x_dbg\Debug\VESCuino_Arduino_Control\buffer.cpp.o
LOAD C:\Users\USER\AppData\Local\Temp\VMBuilds\VESCuino_UART\arduino_due_x_dbg\Debug\VESCuino_Arduino_Control\computed_torque_control.cpp.o
LOAD C:\Users\USER\AppData\Local\Temp\VMBuilds\VESCuino_UART\arduino_due_x_dbg\Debug\VESCuino_Arduino_Control\crc.cpp.o
LOAD C:\Users\USER\AppData\Local\Temp\VMBuilds\VESCuino_UART\arduino_due_x_dbg\Debug\VESCuino_Arduino_Control\packet.cpp.o
LOAD C:\Users\USER\AppData\Local\Temp\VMBuilds\VESCuino_UART\arduino_due_x_dbg\Debug\VESCuino_Arduino_Control\vescuino_can_arduino.cpp.o
LOAD C:\Users\USER\AppData\Local\Temp\VMBuilds\VESCuino_UART\arduino_due_x_dbg\Debug\VESCuino_Arduino_Control\vescuino_spi_arduino.cpp.o
LOAD C:\Users\USER\AppData\Local\Temp\VMBuilds\VESCuino_UART\arduino_due_x_dbg\Debug\VESCuino_Arduino_Control\vescuino_uart_arduino.cpp.o
LOAD C:\Users\USER\AppData\Local\Temp\VMBuilds\VESCuino_UART\arduino_due_x_dbg\Debug\VM_DBG\VM_DBG.cpp.o
LOAD C:\Users\USER\AppData\Local\Temp\VMBuilds\VESCuino_UART\arduino_due_x_dbg\Debug\VM_DBG\VM_mem_check_sam.cpp.o
LOAD C:\Users\USER\AppData\Local\Temp\VMBuilds\VESCuino_UART\arduino_due_x_dbg\Debug\variant\variant.cpp.o
LOAD C:\Users\USER\AppData\Local\arduino15\packages\arduino\hardware\sam\1.6.11\variants\arduino_due_x/libsam_sam3x8e_gcc_rel.a
LOAD C:\Users\USER\AppData\Local\Temp\VMBuilds\VESCuino_UART\arduino_due_x_dbg\Debug/core.a
END GROUP
LOAD c:/users/user/appdata/local/arduino15/packages/arduino/tools/arm-none-eabi-gcc/4.8.3-2014q1/bin/../lib/gcc/arm-none-eabi/4.8.3/../../../../arm-none-eabi/lib/armv7-m\libm.a
START GROUP
LOAD c:/users/user/appdata/local/arduino15/packages/arduino/tools/arm-none-eabi-gcc/4.8.3-2014q1/bin/../lib/gcc/arm-none-eabi/4.8.3/armv7-m\libgcc.a
LOAD c:/users/user/appdata/local/arduino15/packages/arduino/tools/arm-none-eabi-gcc/4.8.3-2014q1/bin/../lib/gcc/arm-none-eabi/4.8.3/../../../../arm-none-eabi/lib/armv7-m\libg.a
LOAD c:/users/user/appdata/local/arduino15/packages/arduino/tools/arm-none-eabi-gcc/4.8.3-2014q1/bin/../lib/gcc/arm-none-eabi/4.8.3/../../../../arm-none-eabi/lib/armv7-m\libc.a
END GROUP
LOAD c:/users/user/appdata/local/arduino15/packages/arduino/tools/arm-none-eabi-gcc/4.8.3-2014q1/bin/../lib/gcc/arm-none-eabi/4.8.3/armv7-m/crtend.o
LOAD c:/users/user/appdata/local/arduino15/packages/arduino/tools/arm-none-eabi-gcc/4.8.3-2014q1/bin/../lib/gcc/arm-none-eabi/4.8.3/armv7-m/crtn.o

.text           0x00080000     0x8c7c
                0x00080000                . = ALIGN (0x4)
                0x00080000                _sfixed = .
 *(.vectors .vectors.*)
 .vectors       0x00080000       0xf4 C:\Users\USER\AppData\Local\arduino15\packages\arduino\hardware\sam\1.6.11\variants\arduino_due_x/libsam_sam3x8e_gcc_rel.a(startup_sam3xa.o)
                0x00080000                exception_table
 *(.text .text.* .gnu.linkonce.t.*)
 .text          0x000800f4       0x54 c:/users/user/appdata/local/arduino15/packages/arduino/tools/arm-none-eabi-gcc/4.8.3-2014q1/bin/../lib/gcc/arm-none-eabi/4.8.3/armv7-m/crtbegin.o
 .text._ZN9VESC_UARTD2Ev
                0x00080148        0x2 C:\Users\USER\AppData\Local\Temp\VMBuilds\VESCuino_UART\arduino_due_x_dbg\Debug\VESCuino_UART.cpp.o
                0x00080148                VESC_UART::~VESC_UART()
                0x00080148                VESC_UART::~VESC_UART()
 *fill*         0x0008014a        0x2 
 .text._Z10Timer1_INTv
                0x0008014c       0x34 C:\Users\USER\AppData\Local\Temp\VMBuilds\VESCuino_UART\arduino_due_x_dbg\Debug\VESCuino_UART.cpp.o
                0x0008014c                Timer1_INT()
 .text._Z16bldc_fw_receivedii
                0x00080180        0x2 C:\Users\USER\AppData\Local\Temp\VMBuilds\VESCuino_UART\arduino_due_x_dbg\Debug\VESCuino_UART.cpp.o
                0x00080180                bldc_fw_received(int, int)
 *fill*         0x00080182        0x2 
 .text._Z17bldc_val_receivedP9mc_values
                0x00080184       0x28 C:\Users\USER\AppData\Local\Temp\VMBuilds\VESCuino_UART\arduino_due_x_dbg\Debug\VESCuino_UART.cpp.o
                0x00080184                bldc_val_received(mc_values*)
 *fill*         0x000801ac        0x4 
 .text._Z21loop_time_handle_uartv
                0x000801b0       0xe8 C:\Users\USER\AppData\Local\Temp\VMBuilds\VESCuino_UART\arduino_due_x_dbg\Debug\VESCuino_UART.cpp.o
                0x000801b0                loop_time_handle_uart()
 .text._Z20loop_time_delay_uartv
                0x00080298       0x1c C:\Users\USER\AppData\Local\Temp\VMBuilds\VESCuino_UART\arduino_due_x_dbg\Debug\VESCuino_UART.cpp.o
                0x00080298                loop_time_delay_uart()
 .text.loop     0x000802b4       0x48 C:\Users\USER\AppData\Local\Temp\VMBuilds\VESCuino_UART\arduino_due_x_dbg\Debug\VESCuino_UART.cpp.o
                0x000802b4                loop
 .text.startup._GLOBAL__sub_I__ZN12VESC_CONTROL4InitEv
                0x000802fc      0x168 C:\Users\USER\AppData\Local\Temp\VMBuilds\VESCuino_UART\arduino_due_x_dbg\Debug\VESCuino_UART.cpp.o
 .text.setup    0x00080464       0x9c C:\Users\USER\AppData\Local\Temp\VMBuilds\VESCuino_UART\arduino_due_x_dbg\Debug\VESCuino_UART.cpp.o
                0x00080464                setup
 .text._ZL10SPI_0_Initv
                0x00080500       0x48 C:\Users\USER\AppData\Local\Temp\VMBuilds\VESCuino_UART\arduino_due_x_dbg\Debug\SPI\SPI.cpp.o
 .text.startup._GLOBAL__sub_I__ZN8SPIClassC2EP3SpimPFvvE
                0x00080548       0x24 C:\Users\USER\AppData\Local\Temp\VMBuilds\VESCuino_UART\arduino_due_x_dbg\Debug\SPI\SPI.cpp.o
 .text._ZN8DueTimer15attachInterruptEPFvvE
                0x0008056c       0x10 C:\Users\USER\AppData\Local\Temp\VMBuilds\VESCuino_UART\arduino_due_x_dbg\Debug\DueTimer\DueTimer.cpp.o
                0x0008056c                DueTimer::attachInterrupt(void (*)())
 *fill*         0x0008057c        0x4 
 .text._ZN8DueTimer9bestClockEdRm
                0x00080580      0x1a8 C:\Users\USER\AppData\Local\Temp\VMBuilds\VESCuino_UART\arduino_due_x_dbg\Debug\DueTimer\DueTimer.cpp.o
                0x00080580                DueTimer::bestClock(double, unsigned long&)
 .text._ZN8DueTimer12setFrequencyEd
                0x00080728      0x120 C:\Users\USER\AppData\Local\Temp\VMBuilds\VESCuino_UART\arduino_due_x_dbg\Debug\DueTimer\DueTimer.cpp.o
                0x00080728                DueTimer::setFrequency(double)
 .text._ZN8DueTimer9setPeriodEm
                0x00080848       0x30 C:\Users\USER\AppData\Local\Temp\VMBuilds\VESCuino_UART\arduino_due_x_dbg\Debug\DueTimer\DueTimer.cpp.o
                0x00080848                DueTimer::setPeriod(unsigned long)
 .text._ZN8DueTimer5startEl
                0x00080878      0x158 C:\Users\USER\AppData\Local\Temp\VMBuilds\VESCuino_UART\arduino_due_x_dbg\Debug\DueTimer\DueTimer.cpp.o
                0x00080878                DueTimer::start(long)
 .text.TC0_Handler
                0x000809d0       0x1c C:\Users\USER\AppData\Local\Temp\VMBuilds\VESCuino_UART\arduino_due_x_dbg\Debug\DueTimer\DueTimer.cpp.o
                0x000809d0                TC0_Handler
 .text.TC1_Handler
                0x000809ec       0x1c C:\Users\USER\AppData\Local\Temp\VMBuilds\VESCuino_UART\arduino_due_x_dbg\Debug\DueTimer\DueTimer.cpp.o
                0x000809ec                TC1_Handler
 .text.TC2_Handler
                0x00080a08       0x1c C:\Users\USER\AppData\Local\Temp\VMBuilds\VESCuino_UART\arduino_due_x_dbg\Debug\DueTimer\DueTimer.cpp.o
                0x00080a08                TC2_Handler
 .text.TC3_Handler
                0x00080a24       0x1c C:\Users\USER\AppData\Local\Temp\VMBuilds\VESCuino_UART\arduino_due_x_dbg\Debug\DueTimer\DueTimer.cpp.o
                0x00080a24                TC3_Handler
 .text.TC4_Handler
                0x00080a40       0x1c C:\Users\USER\AppData\Local\Temp\VMBuilds\VESCuino_UART\arduino_due_x_dbg\Debug\DueTimer\DueTimer.cpp.o
                0x00080a40                TC4_Handler
 .text.TC5_Handler
                0x00080a5c       0x1c C:\Users\USER\AppData\Local\Temp\VMBuilds\VESCuino_UART\arduino_due_x_dbg\Debug\DueTimer\DueTimer.cpp.o
                0x00080a5c                TC5_Handler
 .text.TC6_Handler
                0x00080a78       0x1c C:\Users\USER\AppData\Local\Temp\VMBuilds\VESCuino_UART\arduino_due_x_dbg\Debug\DueTimer\DueTimer.cpp.o
                0x00080a78                TC6_Handler
 .text.TC7_Handler
                0x00080a94       0x1c C:\Users\USER\AppData\Local\Temp\VMBuilds\VESCuino_UART\arduino_due_x_dbg\Debug\DueTimer\DueTimer.cpp.o
                0x00080a94                TC7_Handler
 .text.TC8_Handler
                0x00080ab0       0x1c C:\Users\USER\AppData\Local\Temp\VMBuilds\VESCuino_UART\arduino_due_x_dbg\Debug\DueTimer\DueTimer.cpp.o
                0x00080ab0                TC8_Handler
 .text.startup._GLOBAL__sub_I__ZN8DueTimer6TimersE
                0x00080acc       0x64 C:\Users\USER\AppData\Local\Temp\VMBuilds\VESCuino_UART\arduino_due_x_dbg\Debug\DueTimer\DueTimer.cpp.o
 .text._Z29bldc_interface_process_packetPhi
                0x00080b30      0xaa8 C:\Users\USER\AppData\Local\Temp\VMBuilds\VESCuino_UART\arduino_due_x_dbg\Debug\VESCuino_Arduino_Control\bldc_interface.cpp.o
                0x00080b30                bldc_interface_process_packet(unsigned char*, int)
 .text._Z32bldc_interface_set_rx_value_funcPFvP9mc_valuesE
                0x000815d8        0xc C:\Users\USER\AppData\Local\Temp\VMBuilds\VESCuino_UART\arduino_due_x_dbg\Debug\VESCuino_Arduino_Control\bldc_interface.cpp.o
                0x000815d8                bldc_interface_set_rx_value_func(void (*)(mc_values*))
 .text._Z29bldc_interface_set_rx_fw_funcPFviiE
                0x000815e4        0xc C:\Users\USER\AppData\Local\Temp\VMBuilds\VESCuino_UART\arduino_due_x_dbg\Debug\VESCuino_Arduino_Control\bldc_interface.cpp.o
                0x000815e4                bldc_interface_set_rx_fw_func(void (*)(int, int))
 .text._Z19buffer_append_int32PhlPi
                0x000815f0       0x2a C:\Users\USER\AppData\Local\Temp\VMBuilds\VESCuino_UART\arduino_due_x_dbg\Debug\VESCuino_Arduino_Control\buffer.cpp.o
                0x000815f0                buffer_append_int32(unsigned char*, long, int*)
 .text._Z16buffer_get_int16PKhPi
                0x0008161a       0x16 C:\Users\USER\AppData\Local\Temp\VMBuilds\VESCuino_UART\arduino_due_x_dbg\Debug\VESCuino_Arduino_Control\buffer.cpp.o
                0x0008161a                buffer_get_int16(unsigned char const*, int*)
 .text._Z17buffer_get_uint16PKhPi
                0x00081630       0x14 C:\Users\USER\AppData\Local\Temp\VMBuilds\VESCuino_UART\arduino_due_x_dbg\Debug\VESCuino_Arduino_Control\buffer.cpp.o
                0x00081630                buffer_get_uint16(unsigned char const*, int*)
 .text._Z16buffer_get_int32PKhPi
                0x00081644       0x20 C:\Users\USER\AppData\Local\Temp\VMBuilds\VESCuino_UART\arduino_due_x_dbg\Debug\VESCuino_Arduino_Control\buffer.cpp.o
                0x00081644                buffer_get_int32(unsigned char const*, int*)
 .text._Z17buffer_get_uint32PKhPi
                0x00081664       0x20 C:\Users\USER\AppData\Local\Temp\VMBuilds\VESCuino_UART\arduino_due_x_dbg\Debug\VESCuino_Arduino_Control\buffer.cpp.o
                0x00081664                buffer_get_uint32(unsigned char const*, int*)
 .text._Z18buffer_get_float16PKhfPi
                0x00081684       0x16 C:\Users\USER\AppData\Local\Temp\VMBuilds\VESCuino_UART\arduino_due_x_dbg\Debug\VESCuino_Arduino_Control\buffer.cpp.o
                0x00081684                buffer_get_float16(unsigned char const*, float, int*)
 .text._Z18buffer_get_float32PKhfPi
                0x0008169a       0x16 C:\Users\USER\AppData\Local\Temp\VMBuilds\VESCuino_UART\arduino_due_x_dbg\Debug\VESCuino_Arduino_Control\buffer.cpp.o
                0x0008169a                buffer_get_float32(unsigned char const*, float, int*)
 .text._Z5crc16Phj
                0x000816b0       0x28 C:\Users\USER\AppData\Local\Temp\VMBuilds\VESCuino_UART\arduino_due_x_dbg\Debug\VESCuino_Arduino_Control\crc.cpp.o
                0x000816b0                crc16(unsigned char*, unsigned int)
 .text._Z11packet_initPFvPhiES1_i
                0x000816d8       0x18 C:\Users\USER\AppData\Local\Temp\VMBuilds\VESCuino_UART\arduino_due_x_dbg\Debug\VESCuino_Arduino_Control\packet.cpp.o
                0x000816d8                packet_init(void (*)(unsigned char*, int), void (*)(unsigned char*, int), int)
 .text._Z18packet_send_packetPhii
                0x000816f0       0x5c C:\Users\USER\AppData\Local\Temp\VMBuilds\VESCuino_UART\arduino_due_x_dbg\Debug\VESCuino_Arduino_Control\packet.cpp.o
                0x000816f0                packet_send_packet(unsigned char*, int, int)
 .text._Z16packet_timerfuncv
                0x0008174c       0x30 C:\Users\USER\AppData\Local\Temp\VMBuilds\VESCuino_UART\arduino_due_x_dbg\Debug\VESCuino_Arduino_Control\packet.cpp.o
                0x0008174c                packet_timerfunc()
 .text._Z19packet_process_bytehi
                0x0008177c      0x130 C:\Users\USER\AppData\Local\Temp\VMBuilds\VESCuino_UART\arduino_due_x_dbg\Debug\VESCuino_Arduino_Control\packet.cpp.o
                0x0008177c                packet_process_byte(unsigned char, int)
 .text._ZL13timer3Handlerv
                0x000818ac        0x4 C:\Users\USER\AppData\Local\Temp\VMBuilds\VESCuino_UART\arduino_due_x_dbg\Debug\VESCuino_Arduino_Control\vescuino_uart_arduino.cpp.o
 .text._ZL19send_packet_serial3Phi
                0x000818b0       0x20 C:\Users\USER\AppData\Local\Temp\VMBuilds\VESCuino_UART\arduino_due_x_dbg\Debug\VESCuino_Arduino_Control\vescuino_uart_arduino.cpp.o
 .text._ZL19send_packet_serial2Phi
                0x000818d0       0x20 C:\Users\USER\AppData\Local\Temp\VMBuilds\VESCuino_UART\arduino_due_x_dbg\Debug\VESCuino_Arduino_Control\vescuino_uart_arduino.cpp.o
 .text._ZL19send_packet_serial1Phi
                0x000818f0       0x20 C:\Users\USER\AppData\Local\Temp\VMBuilds\VESCuino_UART\arduino_due_x_dbg\Debug\VESCuino_Arduino_Control\vescuino_uart_arduino.cpp.o
 .text._ZL21process_packet_serialPhi
                0x00081910        0x4 C:\Users\USER\AppData\Local\Temp\VMBuilds\VESCuino_UART\arduino_due_x_dbg\Debug\VESCuino_Arduino_Control\vescuino_uart_arduino.cpp.o
 .text._ZL14fwd_can_appendPhPi.constprop.0
                0x00081914       0x28 C:\Users\USER\AppData\Local\Temp\VMBuilds\VESCuino_UART\arduino_due_x_dbg\Debug\VESCuino_Arduino_Control\vescuino_uart_arduino.cpp.o
 .text._ZN9VESC_UART4initEv
                0x0008193c      0x154 C:\Users\USER\AppData\Local\Temp\VMBuilds\VESCuino_UART\arduino_due_x_dbg\Debug\VESCuino_Arduino_Control\vescuino_uart_arduino.cpp.o
                0x0008193c                VESC_UART::init()
 .text._Z25get_current_serial_numberv
                0x00081a90        0xc C:\Users\USER\AppData\Local\Temp\VMBuilds\VESCuino_UART\arduino_due_x_dbg\Debug\VESCuino_Arduino_Control\vescuino_uart_arduino.cpp.o
                0x00081a90                get_current_serial_number()
 .text._ZN9VESC_UART10get_valuesEv
                0x00081a9c       0x18 C:\Users\USER\AppData\Local\Temp\VMBuilds\VESCuino_UART\arduino_due_x_dbg\Debug\VESCuino_Arduino_Control\vescuino_uart_arduino.cpp.o
                0x00081a9c                VESC_UART::get_values()
 .text._ZN9VESC_UART7set_rpmEi
                0x00081ab4       0x40 C:\Users\USER\AppData\Local\Temp\VMBuilds\VESCuino_UART\arduino_due_x_dbg\Debug\VESCuino_Arduino_Control\vescuino_uart_arduino.cpp.o
                0x00081ab4                VESC_UART::set_rpm(int)
 .text._ZN9VESC_UART15set_forward_canEl
                0x00081af4        0xc C:\Users\USER\AppData\Local\Temp\VMBuilds\VESCuino_UART\arduino_due_x_dbg\Debug\VESCuino_Arduino_Control\vescuino_uart_arduino.cpp.o
                0x00081af4                VESC_UART::set_forward_can(long)
 .text._Z12serialEvent1v
                0x00081b00       0x40 C:\Users\USER\AppData\Local\Temp\VMBuilds\VESCuino_UART\arduino_due_x_dbg\Debug\VESCuino_Arduino_Control\vescuino_uart_arduino.cpp.o
                0x00081b00                serialEvent1()
 .text._Z12serialEvent2v
                0x00081b40       0x3c C:\Users\USER\AppData\Local\Temp\VMBuilds\VESCuino_UART\arduino_due_x_dbg\Debug\VESCuino_Arduino_Control\vescuino_uart_arduino.cpp.o
                0x00081b40                serialEvent2()
 .text._Z12serialEvent3v
                0x00081b7c       0x40 C:\Users\USER\AppData\Local\Temp\VMBuilds\VESCuino_UART\arduino_due_x_dbg\Debug\VESCuino_Arduino_Control\vescuino_uart_arduino.cpp.o
                0x00081b7c                serialEvent3()
 .text._ZN16VisualMicroDebug16DBG_YieldAndWaitEmb
                0x00081bbc       0x1a C:\Users\USER\AppData\Local\Temp\VMBuilds\VESCuino_UART\arduino_due_x_dbg\Debug\VM_DBG\VM_DBG.cpp.o
                0x00081bbc                VisualMicroDebug::DBG_YieldAndWait(unsigned long, bool)
 .text._ZN16VisualMicroDebug16DBG_YieldAndWaitEm
                0x00081bd6        0x6 C:\Users\USER\AppData\Local\Temp\VMBuilds\VESCuino_UART\arduino_due_x_dbg\Debug\VM_DBG\VM_DBG.cpp.o
                0x00081bd6                VisualMicroDebug::DBG_YieldAndWait(unsigned long)
 .text._ZN16VisualMicroDebug14outPacketStartEb
                0x00081bdc       0x28 C:\Users\USER\AppData\Local\Temp\VMBuilds\VESCuino_UART\arduino_due_x_dbg\Debug\VM_DBG\VM_DBG.cpp.o
                0x00081bdc                VisualMicroDebug::outPacketStart(bool)
 .text._ZN16VisualMicroDebug12outPacketEndEv
                0x00081c04        0x2 C:\Users\USER\AppData\Local\Temp\VMBuilds\VESCuino_UART\arduino_due_x_dbg\Debug\VM_DBG\VM_DBG.cpp.o
                0x00081c04                VisualMicroDebug::outPacketEnd()
 .text._ZN16VisualMicroDebug4initEm
                0x00081c06        0xe C:\Users\USER\AppData\Local\Temp\VMBuilds\VESCuino_UART\arduino_due_x_dbg\Debug\VM_DBG\VM_DBG.cpp.o
                0x00081c06                VisualMicroDebug::init(unsigned long)
 .text._ZN16VisualMicroDebug5beginEP9UARTClassm
                0x00081c14       0x10 C:\Users\USER\AppData\Local\Temp\VMBuilds\VESCuino_UART\arduino_due_x_dbg\Debug\VM_DBG\VM_DBG.cpp.o
                0x00081c14                VisualMicroDebug::begin(UARTClass*, unsigned long)
 .text._ZN16VisualMicroDebug4readEv
                0x00081c24        0xe C:\Users\USER\AppData\Local\Temp\VMBuilds\VESCuino_UART\arduino_due_x_dbg\Debug\VM_DBG\VM_DBG.cpp.o
                0x00081c24                VisualMicroDebug::read()
 .text._ZN16VisualMicroDebug9availableEv
                0x00081c32        0xe C:\Users\USER\AppData\Local\Temp\VMBuilds\VESCuino_UART\arduino_due_x_dbg\Debug\VM_DBG\VM_DBG.cpp.o
                0x00081c32                VisualMicroDebug::available()
 .text._ZN16VisualMicroDebug16sendContinuedACKEh
                0x00081c40       0x3c C:\Users\USER\AppData\Local\Temp\VMBuilds\VESCuino_UART\arduino_due_x_dbg\Debug\VM_DBG\VM_DBG.cpp.o
                0x00081c40                VisualMicroDebug::sendContinuedACK(unsigned char)
 .text._ZN16VisualMicroDebug9breakWaitEh
                0x00081c7c       0x54 C:\Users\USER\AppData\Local\Temp\VMBuilds\VESCuino_UART\arduino_due_x_dbg\Debug\VM_DBG\VM_DBG.cpp.o
                0x00081c7c                VisualMicroDebug::breakWait(unsigned char)
 .text._ZN16VisualMicroDebug5startEbb
                0x00081cd0       0x26 C:\Users\USER\AppData\Local\Temp\VMBuilds\VESCuino_UART\arduino_due_x_dbg\Debug\VM_DBG\VM_DBG.cpp.o
                0x00081cd0                VisualMicroDebug::start(bool, bool)
 *fill*         0x00081cf6        0x2 
 .text.startup._GLOBAL__sub_I__ZN16VisualMicroDebug16DBG_YieldAndWaitEm
                0x00081cf8       0x14 C:\Users\USER\AppData\Local\Temp\VMBuilds\VESCuino_UART\arduino_due_x_dbg\Debug\VM_DBG\VM_DBG.cpp.o
 .text._Z11serialEventv
                0x00081d0c        0x2 C:\Users\USER\AppData\Local\Temp\VMBuilds\VESCuino_UART\arduino_due_x_dbg\Debug\variant\variant.cpp.o
                0x00081d0c                serialEvent()
 *fill*         0x00081d0e        0x2 
 .text.UART_Handler
                0x00081d10        0xc C:\Users\USER\AppData\Local\Temp\VMBuilds\VESCuino_UART\arduino_due_x_dbg\Debug\variant\variant.cpp.o
                0x00081d10                UART_Handler
 .text.USART0_Handler
                0x00081d1c        0xc C:\Users\USER\AppData\Local\Temp\VMBuilds\VESCuino_UART\arduino_due_x_dbg\Debug\variant\variant.cpp.o
                0x00081d1c                USART0_Handler
 .text.USART1_Handler
                0x00081d28        0xc C:\Users\USER\AppData\Local\Temp\VMBuilds\VESCuino_UART\arduino_due_x_dbg\Debug\variant\variant.cpp.o
                0x00081d28                USART1_Handler
 .text.USART3_Handler
                0x00081d34        0xc C:\Users\USER\AppData\Local\Temp\VMBuilds\VESCuino_UART\arduino_due_x_dbg\Debug\variant\variant.cpp.o
                0x00081d34                USART3_Handler
 .text.init     0x00081d40      0x128 C:\Users\USER\AppData\Local\Temp\VMBuilds\VESCuino_UART\arduino_due_x_dbg\Debug\variant\variant.cpp.o
                0x00081d40                init
 .text.startup._GLOBAL__sub_I_g_APinDescription
                0x00081e68       0xd4 C:\Users\USER\AppData\Local\Temp\VMBuilds\VESCuino_UART\arduino_due_x_dbg\Debug\variant\variant.cpp.o
 .text._Z14serialEventRunv
                0x00081f3c       0x44 C:\Users\USER\AppData\Local\Temp\VMBuilds\VESCuino_UART\arduino_due_x_dbg\Debug\variant\variant.cpp.o
                0x00081f3c                serialEventRun()
 .text.PIO_PullUp
                0x00081f80        0xa C:\Users\USER\AppData\Local\arduino15\packages\arduino\hardware\sam\1.6.11\variants\arduino_due_x/libsam_sam3x8e_gcc_rel.a(pio.o)
                0x00081f80                PIO_PullUp
 .text.PIO_SetPeripheral
                0x00081f8a       0x26 C:\Users\USER\AppData\Local\arduino15\packages\arduino\hardware\sam\1.6.11\variants\arduino_due_x/libsam_sam3x8e_gcc_rel.a(pio.o)
                0x00081f8a                PIO_SetPeripheral
 .text.PIO_SetInput
                0x00081fb0       0x26 C:\Users\USER\AppData\Local\arduino15\packages\arduino\hardware\sam\1.6.11\variants\arduino_due_x/libsam_sam3x8e_gcc_rel.a(pio.o)
                0x00081fb0                PIO_SetInput
 .text.PIO_SetOutput
                0x00081fd6       0x24 C:\Users\USER\AppData\Local\arduino15\packages\arduino\hardware\sam\1.6.11\variants\arduino_due_x/libsam_sam3x8e_gcc_rel.a(pio.o)
                0x00081fd6                PIO_SetOutput
 *fill*         0x00081ffa        0x2 
 .text.PIO_Configure
                0x00081ffc       0x64 C:\Users\USER\AppData\Local\arduino15\packages\arduino\hardware\sam\1.6.11\variants\arduino_due_x/libsam_sam3x8e_gcc_rel.a(pio.o)
                0x00081ffc                PIO_Configure
 .text.PIO_GetOutputDataStatus
                0x00082060       0x14 C:\Users\USER\AppData\Local\arduino15\packages\arduino\hardware\sam\1.6.11\variants\arduino_due_x/libsam_sam3x8e_gcc_rel.a(pio.o)
                0x00082060                PIO_GetOutputDataStatus
 .text.pmc_enable_upll_clock
                0x00082074       0x14 C:\Users\USER\AppData\Local\arduino15\packages\arduino\hardware\sam\1.6.11\variants\arduino_due_x/libsam_sam3x8e_gcc_rel.a(pmc.o)
                0x00082074                pmc_enable_upll_clock
 .text.pmc_enable_periph_clk
                0x00082088       0x44 C:\Users\USER\AppData\Local\arduino15\packages\arduino\hardware\sam\1.6.11\variants\arduino_due_x/libsam_sam3x8e_gcc_rel.a(pmc.o)
                0x00082088                pmc_enable_periph_clk
 .text.pmc_disable_periph_clk
                0x000820cc       0x40 C:\Users\USER\AppData\Local\arduino15\packages\arduino\hardware\sam\1.6.11\variants\arduino_due_x/libsam_sam3x8e_gcc_rel.a(pmc.o)
                0x000820cc                pmc_disable_periph_clk
 .text.pmc_switch_udpck_to_upllck
                0x0008210c       0x14 C:\Users\USER\AppData\Local\arduino15\packages\arduino\hardware\sam\1.6.11\variants\arduino_due_x/libsam_sam3x8e_gcc_rel.a(pmc.o)
                0x0008210c                pmc_switch_udpck_to_upllck
 .text.pmc_enable_udpck
                0x00082120        0xc C:\Users\USER\AppData\Local\arduino15\packages\arduino\hardware\sam\1.6.11\variants\arduino_due_x/libsam_sam3x8e_gcc_rel.a(pmc.o)
                0x00082120                pmc_enable_udpck
 .text.pmc_set_writeprotect
                0x0008212c       0x1c C:\Users\USER\AppData\Local\arduino15\packages\arduino\hardware\sam\1.6.11\variants\arduino_due_x/libsam_sam3x8e_gcc_rel.a(pmc.o)
                0x0008212c                pmc_set_writeprotect
 .text.TC_Configure
                0x00082148       0x38 C:\Users\USER\AppData\Local\arduino15\packages\arduino\hardware\sam\1.6.11\variants\arduino_due_x/libsam_sam3x8e_gcc_rel.a(tc.o)
                0x00082148                TC_Configure
 .text.TC_Start
                0x00082180       0x2c C:\Users\USER\AppData\Local\arduino15\packages\arduino\hardware\sam\1.6.11\variants\arduino_due_x/libsam_sam3x8e_gcc_rel.a(tc.o)
                0x00082180                TC_Start
 .text.TC_GetStatus
                0x000821ac        0x8 C:\Users\USER\AppData\Local\arduino15\packages\arduino\hardware\sam\1.6.11\variants\arduino_due_x/libsam_sam3x8e_gcc_rel.a(tc.o)
                0x000821ac                TC_GetStatus
 .text.TC_SetRC
                0x000821b4        0x8 C:\Users\USER\AppData\Local\arduino15\packages\arduino\hardware\sam\1.6.11\variants\arduino_due_x/libsam_sam3x8e_gcc_rel.a(tc.o)
                0x000821b4                TC_SetRC
 .text.SystemInit
                0x000821bc       0x88 C:\Users\USER\AppData\Local\arduino15\packages\arduino\hardware\sam\1.6.11\variants\arduino_due_x/libsam_sam3x8e_gcc_rel.a(system_sam3xa.o)
                0x000821bc                SystemInit
 .text.Reset_Handler
                0x00082244       0x78 C:\Users\USER\AppData\Local\arduino15\packages\arduino\hardware\sam\1.6.11\variants\arduino_due_x/libsam_sam3x8e_gcc_rel.a(startup_sam3xa.o)
                0x00082244                Reset_Handler
 .text.adc_init
                0x000822bc       0x98 C:\Users\USER\AppData\Local\arduino15\packages\arduino\hardware\sam\1.6.11\variants\arduino_due_x/libsam_sam3x8e_gcc_rel.a(adc.o)
                0x000822bc                adc_init
 .text.adc_configure_trigger
                0x00082354        0xe C:\Users\USER\AppData\Local\arduino15\packages\arduino\hardware\sam\1.6.11\variants\arduino_due_x/libsam_sam3x8e_gcc_rel.a(adc.o)
                0x00082354                adc_configure_trigger
 .text.adc_configure_timing
                0x00082362       0x1a C:\Users\USER\AppData\Local\arduino15\packages\arduino\hardware\sam\1.6.11\variants\arduino_due_x/libsam_sam3x8e_gcc_rel.a(adc.o)
                0x00082362                adc_configure_timing
 .text.adc_disable_channel
                0x0008237c        0xa C:\Users\USER\AppData\Local\arduino15\packages\arduino\hardware\sam\1.6.11\variants\arduino_due_x/libsam_sam3x8e_gcc_rel.a(adc.o)
                0x0008237c                adc_disable_channel
 .text.adc_disable_all_channel
                0x00082386        0x8 C:\Users\USER\AppData\Local\arduino15\packages\arduino\hardware\sam\1.6.11\variants\arduino_due_x/libsam_sam3x8e_gcc_rel.a(adc.o)
                0x00082386                adc_disable_all_channel
 .text.adc_disable_interrupt
                0x0008238e        0x4 C:\Users\USER\AppData\Local\arduino15\packages\arduino\hardware\sam\1.6.11\variants\arduino_due_x/libsam_sam3x8e_gcc_rel.a(adc.o)
                0x0008238e                adc_disable_interrupt
 *fill*         0x00082392        0x2 
 .text.UOTGHS_Handler
                0x00082394       0x10 C:\Users\USER\AppData\Local\arduino15\packages\arduino\hardware\sam\1.6.11\variants\arduino_due_x/libsam_sam3x8e_gcc_rel.a(uotghs.o)
                0x00082394                UOTGHS_Handler
 .text.__halt   0x000823a4        0x2 C:\Users\USER\AppData\Local\Temp\VMBuilds\VESCuino_UART\arduino_due_x_dbg\Debug/core.a(cortex_handlers.c.o)
                0x000823a4                DACC_Handler
                0x000823a4                DebugMon_Handler
                0x000823a4                DMAC_Handler
                0x000823a4                TRNG_Handler
                0x000823a4                HardFault_Handler
                0x000823a4                TWI1_Handler
                0x000823a4                NMI_Handler
                0x000823a4                ADC_Handler
                0x000823a4                SMC_Handler
                0x000823a4                RTT_Handler
                0x000823a4                EFC1_Handler
                0x000823a4                PIOB_Handler
                0x000823a4                RTC_Handler
                0x000823a4                UsageFault_Handler
                0x000823a4                WDT_Handler
                0x000823a4                CAN0_Handler
                0x000823a4                HSMCI_Handler
                0x000823a4                TWI0_Handler
                0x000823a4                PIOA_Handler
                0x000823a4                SSC_Handler
                0x000823a4                EFC0_Handler
                0x000823a4                PMC_Handler
                0x000823a4                PWM_Handler
                0x000823a4                CAN1_Handler
                0x000823a4                MemManage_Handler
                0x000823a4                SUPC_Handler
                0x000823a4                USART2_Handler
                0x000823a4                PIOD_Handler
                0x000823a4                EMAC_Handler
                0x000823a4                PIOC_Handler
                0x000823a4                BusFault_Handler
                0x000823a4                RSTC_Handler
                0x000823a4                SPI0_Handler
 .text.SVC_Handler
                0x000823a6        0x4 C:\Users\USER\AppData\Local\Temp\VMBuilds\VESCuino_UART\arduino_due_x_dbg\Debug/core.a(cortex_handlers.c.o)
                0x000823a6                SVC_Handler
 .text.PendSV_Handler
                0x000823aa        0x4 C:\Users\USER\AppData\Local\Temp\VMBuilds\VESCuino_UART\arduino_due_x_dbg\Debug/core.a(cortex_handlers.c.o)
                0x000823aa                PendSV_Handler
 .text.SysTick_Handler
                0x000823ae       0x16 C:\Users\USER\AppData\Local\Temp\VMBuilds\VESCuino_UART\arduino_due_x_dbg\Debug/core.a(cortex_handlers.c.o)
                0x000823ae                SysTick_Handler
 .text.__empty  0x000823c4        0x2 C:\Users\USER\AppData\Local\Temp\VMBuilds\VESCuino_UART\arduino_due_x_dbg\Debug/core.a(hooks.c.o)
                0x000823c4                yield
 .text.__false  0x000823c6        0x4 C:\Users\USER\AppData\Local\Temp\VMBuilds\VESCuino_UART\arduino_due_x_dbg\Debug/core.a(hooks.c.o)
                0x000823c6                sysTickHook
 .text.__halt   0x000823ca        0x2 C:\Users\USER\AppData\Local\Temp\VMBuilds\VESCuino_UART\arduino_due_x_dbg\Debug/core.a(hooks.c.o)
                0x000823ca                svcHook
                0x000823ca                pendSVHook
 .text._sbrk    0x000823cc       0x1c C:\Users\USER\AppData\Local\Temp\VMBuilds\VESCuino_UART\arduino_due_x_dbg\Debug/core.a(syscalls_sam3.c.o)
                0x000823cc                _sbrk
 .text.link     0x000823e8        0x6 C:\Users\USER\AppData\Local\Temp\VMBuilds\VESCuino_UART\arduino_due_x_dbg\Debug/core.a(syscalls_sam3.c.o)
                0x000823e8                link
 .text._close   0x000823ee        0x6 C:\Users\USER\AppData\Local\Temp\VMBuilds\VESCuino_UART\arduino_due_x_dbg\Debug/core.a(syscalls_sam3.c.o)
                0x000823ee                _close
 .text._fstat   0x000823f4        0xa C:\Users\USER\AppData\Local\Temp\VMBuilds\VESCuino_UART\arduino_due_x_dbg\Debug/core.a(syscalls_sam3.c.o)
                0x000823f4                _fstat
 .text._isatty  0x000823fe        0x4 C:\Users\USER\AppData\Local\Temp\VMBuilds\VESCuino_UART\arduino_due_x_dbg\Debug/core.a(syscalls_sam3.c.o)
                0x000823fe                _isatty
 .text._lseek   0x00082402        0x4 C:\Users\USER\AppData\Local\Temp\VMBuilds\VESCuino_UART\arduino_due_x_dbg\Debug/core.a(syscalls_sam3.c.o)
                0x00082402                _lseek
 .text._read    0x00082406        0x4 C:\Users\USER\AppData\Local\Temp\VMBuilds\VESCuino_UART\arduino_due_x_dbg\Debug/core.a(syscalls_sam3.c.o)
                0x00082406                _read
 *fill*         0x0008240a        0x2 
 .text._write   0x0008240c       0x24 C:\Users\USER\AppData\Local\Temp\VMBuilds\VESCuino_UART\arduino_due_x_dbg\Debug/core.a(syscalls_sam3.c.o)
                0x0008240c                _write
 .text._exit    0x00082430       0x10 C:\Users\USER\AppData\Local\Temp\VMBuilds\VESCuino_UART\arduino_due_x_dbg\Debug/core.a(syscalls_sam3.c.o)
                0x00082430                _exit
 .text._kill    0x00082440        0x2 C:\Users\USER\AppData\Local\Temp\VMBuilds\VESCuino_UART\arduino_due_x_dbg\Debug/core.a(syscalls_sam3.c.o)
                0x00082440                _kill
 .text._getpid  0x00082442        0x6 C:\Users\USER\AppData\Local\Temp\VMBuilds\VESCuino_UART\arduino_due_x_dbg\Debug/core.a(syscalls_sam3.c.o)
                0x00082442                _getpid
 .text.millis   0x00082448        0x4 C:\Users\USER\AppData\Local\Temp\VMBuilds\VESCuino_UART\arduino_due_x_dbg\Debug/core.a(wiring.c.o)
                0x00082448                millis
 .text.micros   0x0008244c       0x74 C:\Users\USER\AppData\Local\Temp\VMBuilds\VESCuino_UART\arduino_due_x_dbg\Debug/core.a(wiring.c.o)
                0x0008244c                micros
 .text.delay    0x000824c0       0x1c C:\Users\USER\AppData\Local\Temp\VMBuilds\VESCuino_UART\arduino_due_x_dbg\Debug/core.a(wiring.c.o)
                0x000824c0                delay
 .text.analogOutputInit
                0x000824dc        0x2 C:\Users\USER\AppData\Local\Temp\VMBuilds\VESCuino_UART\arduino_due_x_dbg\Debug/core.a(wiring_analog.c.o)
                0x000824dc                analogOutputInit
 *fill*         0x000824de        0x2 
 .text.pinMode  0x000824e0      0x108 C:\Users\USER\AppData\Local\Temp\VMBuilds\VESCuino_UART\arduino_due_x_dbg\Debug/core.a(wiring_digital.c.o)
                0x000824e0                pinMode
 .text.digitalWrite
                0x000825e8       0x70 C:\Users\USER\AppData\Local\Temp\VMBuilds\VESCuino_UART\arduino_due_x_dbg\Debug/core.a(wiring_digital.c.o)
                0x000825e8                digitalWrite
 .text.initVariant
                0x00082658        0x2 C:\Users\USER\AppData\Local\Temp\VMBuilds\VESCuino_UART\arduino_due_x_dbg\Debug/core.a(main.cpp.o)
                0x00082658                initVariant
 *fill*         0x0008265a        0x2 
 .text.startup.main
                0x0008265c       0x38 C:\Users\USER\AppData\Local\Temp\VMBuilds\VESCuino_UART\arduino_due_x_dbg\Debug/core.a(main.cpp.o)
                0x0008265c                main
 .text._Znaj    0x00082694        0x4 C:\Users\USER\AppData\Local\Temp\VMBuilds\VESCuino_UART\arduino_due_x_dbg\Debug/core.a(new.cpp.o)
                0x00082694                operator new[](unsigned int)
 .text._ZN5Print5writeEPKhj
                0x00082698       0x22 C:\Users\USER\AppData\Local\Temp\VMBuilds\VESCuino_UART\arduino_due_x_dbg\Debug/core.a(Print.cpp.o)
                0x00082698                Print::write(unsigned char const*, unsigned int)
 .text._ZN5Print5printEmi.part.3
                0x000826ba        0xc C:\Users\USER\AppData\Local\Temp\VMBuilds\VESCuino_UART\arduino_due_x_dbg\Debug/core.a(Print.cpp.o)
 .text._ZN5Print5writeEPKc
                0x000826c6       0x1e C:\Users\USER\AppData\Local\Temp\VMBuilds\VESCuino_UART\arduino_due_x_dbg\Debug/core.a(Print.cpp.o)
                0x000826c6                Print::write(char const*)
 .text._ZN5Print5printERK6String
                0x000826e4       0x10 C:\Users\USER\AppData\Local\Temp\VMBuilds\VESCuino_UART\arduino_due_x_dbg\Debug/core.a(Print.cpp.o)
                0x000826e4                Print::print(String const&)
 .text._ZN5Print5printEPKc
                0x000826f4        0x8 C:\Users\USER\AppData\Local\Temp\VMBuilds\VESCuino_UART\arduino_due_x_dbg\Debug/core.a(Print.cpp.o)
                0x000826f4                Print::print(char const*)
 .text._ZN5Print5printEc
                0x000826fc        0xa C:\Users\USER\AppData\Local\Temp\VMBuilds\VESCuino_UART\arduino_due_x_dbg\Debug/core.a(Print.cpp.o)
                0x000826fc                Print::print(char)
 *fill*         0x00082706        0x2 
 .text._ZN5Print7printlnEv
                0x00082708       0x10 C:\Users\USER\AppData\Local\Temp\VMBuilds\VESCuino_UART\arduino_due_x_dbg\Debug/core.a(Print.cpp.o)
                0x00082708                Print::println()
 .text._ZN5Print7printlnERK6String
                0x00082718       0x14 C:\Users\USER\AppData\Local\Temp\VMBuilds\VESCuino_UART\arduino_due_x_dbg\Debug/core.a(Print.cpp.o)
                0x00082718                Print::println(String const&)
 .text._ZN5Print7printlnEPKc
                0x0008272c       0x14 C:\Users\USER\AppData\Local\Temp\VMBuilds\VESCuino_UART\arduino_due_x_dbg\Debug/core.a(Print.cpp.o)
                0x0008272c                Print::println(char const*)
 .text._ZN5Print11printNumberEmh
                0x00082740       0x3e C:\Users\USER\AppData\Local\Temp\VMBuilds\VESCuino_UART\arduino_due_x_dbg\Debug/core.a(Print.cpp.o)
                0x00082740                Print::printNumber(unsigned long, unsigned char)
 .text._ZN5Print5printEmi
                0x0008277e        0xc C:\Users\USER\AppData\Local\Temp\VMBuilds\VESCuino_UART\arduino_due_x_dbg\Debug/core.a(Print.cpp.o)
                0x0008277e                Print::print(unsigned long, int)
 .text._ZN5Print5printEhi
                0x0008278a        0x4 C:\Users\USER\AppData\Local\Temp\VMBuilds\VESCuino_UART\arduino_due_x_dbg\Debug/core.a(Print.cpp.o)
                0x0008278a                Print::print(unsigned char, int)
 *fill*         0x0008278e        0x2 
 .text._ZN5Print10printFloatEdh
                0x00082790      0x148 C:\Users\USER\AppData\Local\Temp\VMBuilds\VESCuino_UART\arduino_due_x_dbg\Debug/core.a(Print.cpp.o)
                0x00082790                Print::printFloat(double, unsigned char)
 .text._ZN5Print5printEdi
                0x000828d8        0xa C:\Users\USER\AppData\Local\Temp\VMBuilds\VESCuino_UART\arduino_due_x_dbg\Debug/core.a(Print.cpp.o)
                0x000828d8                Print::print(double, int)
 *fill*         0x000828e2        0x2 
 .text.initiateReset
                0x000828e4        0xc C:\Users\USER\AppData\Local\Temp\VMBuilds\VESCuino_UART\arduino_due_x_dbg\Debug/core.a(Reset.cpp.o)
                0x000828e4                initiateReset
 .text.cancelReset
                0x000828f0       0x10 C:\Users\USER\AppData\Local\Temp\VMBuilds\VESCuino_UART\arduino_due_x_dbg\Debug/core.a(Reset.cpp.o)
                0x000828f0                cancelReset
 .text.tickReset
                0x00082900       0x20 C:\Users\USER\AppData\Local\Temp\VMBuilds\VESCuino_UART\arduino_due_x_dbg\Debug/core.a(Reset.cpp.o)
                0x00082900                tickReset
 .text._ZN10RingBufferC2Ev
                0x00082920       0x1a C:\Users\USER\AppData\Local\Temp\VMBuilds\VESCuino_UART\arduino_due_x_dbg\Debug/core.a(RingBuffer.cpp.o)
                0x00082920                RingBuffer::RingBuffer()
                0x00082920                RingBuffer::RingBuffer()
 .text._ZN10RingBuffer10store_charEh
                0x0008293a       0x1e C:\Users\USER\AppData\Local\Temp\VMBuilds\VESCuino_UART\arduino_due_x_dbg\Debug/core.a(RingBuffer.cpp.o)
                0x0008293a                RingBuffer::store_char(unsigned char)
 .text._ZN9UARTClasscvbEv
                0x00082958        0x4 C:\Users\USER\AppData\Local\Temp\VMBuilds\VESCuino_UART\arduino_due_x_dbg\Debug/core.a(UARTClass.cpp.o)
                0x00082958                UARTClass::operator bool()
 .text._ZN9UARTClass9availableEv
                0x0008295c       0x12 C:\Users\USER\AppData\Local\Temp\VMBuilds\VESCuino_UART\arduino_due_x_dbg\Debug/core.a(UARTClass.cpp.o)
                0x0008295c                UARTClass::available()
 .text._ZN9UARTClass4peekEv
                0x0008296e       0x1c C:\Users\USER\AppData\Local\Temp\VMBuilds\VESCuino_UART\arduino_due_x_dbg\Debug/core.a(UARTClass.cpp.o)
                0x0008296e                UARTClass::peek()
 .text._ZN9UARTClass4readEv
                0x0008298a       0x2a C:\Users\USER\AppData\Local\Temp\VMBuilds\VESCuino_UART\arduino_due_x_dbg\Debug/core.a(UARTClass.cpp.o)
                0x0008298a                UARTClass::read()
 .text._ZN9UARTClass5flushEv
                0x000829b4       0x18 C:\Users\USER\AppData\Local\Temp\VMBuilds\VESCuino_UART\arduino_due_x_dbg\Debug/core.a(UARTClass.cpp.o)
                0x000829b4                UARTClass::flush()
 .text._ZN9UARTClass5writeEh
                0x000829cc       0x54 C:\Users\USER\AppData\Local\Temp\VMBuilds\VESCuino_UART\arduino_due_x_dbg\Debug/core.a(UARTClass.cpp.o)
                0x000829cc                UARTClass::write(unsigned char)
 .text._ZN9UARTClass3endEv
                0x00082a20       0x3c C:\Users\USER\AppData\Local\Temp\VMBuilds\VESCuino_UART\arduino_due_x_dbg\Debug/core.a(UARTClass.cpp.o)
                0x00082a20                UARTClass::end()
 .text._ZN9UARTClassC2EP4Uart4IRQnmP10RingBufferS4_
                0x00082a5c       0x24 C:\Users\USER\AppData\Local\Temp\VMBuilds\VESCuino_UART\arduino_due_x_dbg\Debug/core.a(UARTClass.cpp.o)
                0x00082a5c                UARTClass::UARTClass(Uart*, IRQn, unsigned long, RingBuffer*, RingBuffer*)
                0x00082a5c                UARTClass::UARTClass(Uart*, IRQn, unsigned long, RingBuffer*, RingBuffer*)
 .text._ZN9UARTClass4initEmm
                0x00082a80       0x70 C:\Users\USER\AppData\Local\Temp\VMBuilds\VESCuino_UART\arduino_due_x_dbg\Debug/core.a(UARTClass.cpp.o)
                0x00082a80                UARTClass::init(unsigned long, unsigned long)
 .text._ZN9UARTClass5beginEm
                0x00082af0        0x8 C:\Users\USER\AppData\Local\Temp\VMBuilds\VESCuino_UART\arduino_due_x_dbg\Debug/core.a(UARTClass.cpp.o)
                0x00082af0                UARTClass::begin(unsigned long)
 .text._ZN9UARTClass10IrqHandlerEv
                0x00082af8       0x5a C:\Users\USER\AppData\Local\Temp\VMBuilds\VESCuino_UART\arduino_due_x_dbg\Debug/core.a(UARTClass.cpp.o)
                0x00082af8                UARTClass::IrqHandler()
 .text._ZN10USARTClass5beginEm
                0x00082b52        0x8 C:\Users\USER\AppData\Local\Temp\VMBuilds\VESCuino_UART\arduino_due_x_dbg\Debug/core.a(USARTClass.cpp.o)
                0x00082b52                USARTClass::begin(unsigned long)
 *fill*         0x00082b5a        0x2 
 .text._ZN10USARTClassC2EP5Usart4IRQnmP10RingBufferS4_
                0x00082b5c       0x24 C:\Users\USER\AppData\Local\Temp\VMBuilds\VESCuino_UART\arduino_due_x_dbg\Debug/core.a(USARTClass.cpp.o)
                0x00082b5c                USARTClass::USARTClass(Usart*, IRQn, unsigned long, RingBuffer*, RingBuffer*)
                0x00082b5c                USARTClass::USARTClass(Usart*, IRQn, unsigned long, RingBuffer*, RingBuffer*)
 .text._watchdogDefaultSetup
                0x00082b80        0xc C:\Users\USER\AppData\Local\Temp\VMBuilds\VESCuino_UART\arduino_due_x_dbg\Debug/core.a(watchdog.cpp.o)
                0x00082b80                _watchdogDefaultSetup
                0x00082b80                watchdogSetup()
 .text._ZN6StringD2Ev
                0x00082b8c        0xe C:\Users\USER\AppData\Local\Temp\VMBuilds\VESCuino_UART\arduino_due_x_dbg\Debug/core.a(WString.cpp.o)
                0x00082b8c                String::~String()
                0x00082b8c                String::~String()
 .text._ZN6String10invalidateEv
                0x00082b9a       0x16 C:\Users\USER\AppData\Local\Temp\VMBuilds\VESCuino_UART\arduino_due_x_dbg\Debug/core.a(WString.cpp.o)
                0x00082b9a                String::invalidate()
 .text._ZN6String12changeBufferEj
                0x00082bb0       0x18 C:\Users\USER\AppData\Local\Temp\VMBuilds\VESCuino_UART\arduino_due_x_dbg\Debug/core.a(WString.cpp.o)
                0x00082bb0                String::changeBuffer(unsigned int)
 .text._ZN6String7reserveEj
                0x00082bc8       0x22 C:\Users\USER\AppData\Local\Temp\VMBuilds\VESCuino_UART\arduino_due_x_dbg\Debug/core.a(WString.cpp.o)
                0x00082bc8                String::reserve(unsigned int)
 .text._ZN6String4copyEPKcj
                0x00082bea       0x26 C:\Users\USER\AppData\Local\Temp\VMBuilds\VESCuino_UART\arduino_due_x_dbg\Debug/core.a(WString.cpp.o)
                0x00082bea                String::copy(char const*, unsigned int)
 .text._ZN6StringC2EPKc
                0x00082c10       0x24 C:\Users\USER\AppData\Local\Temp\VMBuilds\VESCuino_UART\arduino_due_x_dbg\Debug/core.a(WString.cpp.o)
                0x00082c10                String::String(char const*)
                0x00082c10                String::String(char const*)
 .text._ZN6StringaSEPKc
                0x00082c34       0x22 C:\Users\USER\AppData\Local\Temp\VMBuilds\VESCuino_UART\arduino_due_x_dbg\Debug/core.a(WString.cpp.o)
                0x00082c34                String::operator=(char const*)
 .text._ZN6StringC2Eih
                0x00082c56       0x24 C:\Users\USER\AppData\Local\Temp\VMBuilds\VESCuino_UART\arduino_due_x_dbg\Debug/core.a(WString.cpp.o)
                0x00082c56                String::String(int, unsigned char)
                0x00082c56                String::String(int, unsigned char)
 .text._ZN6String6concatEPKcj
                0x00082c7a       0x2e C:\Users\USER\AppData\Local\Temp\VMBuilds\VESCuino_UART\arduino_due_x_dbg\Debug/core.a(WString.cpp.o)
                0x00082c7a                String::concat(char const*, unsigned int)
 .text._ZplRK15StringSumHelperRK6String
                0x00082ca8       0x1a C:\Users\USER\AppData\Local\Temp\VMBuilds\VESCuino_UART\arduino_due_x_dbg\Debug/core.a(WString.cpp.o)
                0x00082ca8                operator+(StringSumHelper const&, String const&)
 *fill*         0x00082cc2        0x2 
 .text.unlikely._ZL11USB_SendZlpv
                0x00082cc4       0x20 C:\Users\USER\AppData\Local\Temp\VMBuilds\VESCuino_UART\arduino_due_x_dbg\Debug/core.a(USBCore.cpp.o)
 .text._Z14USBD_Availablem
                0x00082ce4       0x2c C:\Users\USER\AppData\Local\Temp\VMBuilds\VESCuino_UART\arduino_due_x_dbg\Debug/core.a(USBCore.cpp.o)
                0x00082ce4                USBD_Available(unsigned long)
 .text._Z9USBD_RecvmPvm
                0x00082d10       0x7c C:\Users\USER\AppData\Local\Temp\VMBuilds\VESCuino_UART\arduino_due_x_dbg\Debug/core.a(USBCore.cpp.o)
                0x00082d10                USBD_Recv(unsigned long, void*, unsigned long)
 .text._Z9USBD_Recvm
                0x00082d8c       0x22 C:\Users\USER\AppData\Local\Temp\VMBuilds\VESCuino_UART\arduino_due_x_dbg\Debug/core.a(USBCore.cpp.o)
                0x00082d8c                USBD_Recv(unsigned long)
 *fill*         0x00082dae        0x2 
 .text._Z9USBD_SendmPKvm
                0x00082db0       0x4c C:\Users\USER\AppData\Local\Temp\VMBuilds\VESCuino_UART\arduino_due_x_dbg\Debug/core.a(USBCore.cpp.o)
                0x00082db0                USBD_Send(unsigned long, void const*, unsigned long)
 .text._Z16USBD_SendControlhPKvm
                0x00082dfc       0x40 C:\Users\USER\AppData\Local\Temp\VMBuilds\VESCuino_UART\arduino_due_x_dbg\Debug/core.a(USBCore.cpp.o)
                0x00082dfc                USBD_SendControl(unsigned char, void const*, unsigned long)
 .text.unlikely._ZL24USB_SendStringDescriptorPKhi
                0x00082e3c       0x64 C:\Users\USER\AppData\Local\Temp\VMBuilds\VESCuino_UART\arduino_due_x_dbg\Debug/core.a(USBCore.cpp.o)
 .text._Z16USBD_RecvControlPvm
                0x00082ea0       0x1c C:\Users\USER\AppData\Local\Temp\VMBuilds\VESCuino_UART\arduino_due_x_dbg\Debug/core.a(USBCore.cpp.o)
                0x00082ea0                USBD_RecvControl(void*, unsigned long)
 .text._Z26USBD_ClassInterfaceRequestR8USBSetup
                0x00082ebc       0x1e C:\Users\USER\AppData\Local\Temp\VMBuilds\VESCuino_UART\arduino_due_x_dbg\Debug/core.a(USBCore.cpp.o)
                0x00082ebc                USBD_ClassInterfaceRequest(USBSetup&)
 .text._Z19USBD_SendInterfacesv
                0x00082eda       0x22 C:\Users\USER\AppData\Local\Temp\VMBuilds\VESCuino_UART\arduino_due_x_dbg\Debug/core.a(USBCore.cpp.o)
                0x00082eda                USBD_SendInterfaces()
 .text._Z24USBD_SendOtherInterfacesv
                0x00082efc       0x22 C:\Users\USER\AppData\Local\Temp\VMBuilds\VESCuino_UART\arduino_due_x_dbg\Debug/core.a(USBCore.cpp.o)
                0x00082efc                USBD_SendOtherInterfaces()
 .text._Z10USBD_Flushm
                0x00082f1e       0x16 C:\Users\USER\AppData\Local\Temp\VMBuilds\VESCuino_UART\arduino_due_x_dbg\Debug/core.a(USBCore.cpp.o)
                0x00082f1e                USBD_Flush(unsigned long)
 .text._ZN10USBDevice_C2Ev
                0x00082f34       0x24 C:\Users\USER\AppData\Local\Temp\VMBuilds\VESCuino_UART\arduino_due_x_dbg\Debug/core.a(USBCore.cpp.o)
                0x00082f34                USBDevice_::USBDevice_()
                0x00082f34                USBDevice_::USBDevice_()
 .text._ZN10USBDevice_6attachEv
                0x00082f58       0x20 C:\Users\USER\AppData\Local\Temp\VMBuilds\VESCuino_UART\arduino_due_x_dbg\Debug/core.a(USBCore.cpp.o)
                0x00082f58                USBDevice_::attach()
 .text.startup._GLOBAL__sub_I_EndPoints
                0x00082f78        0xc C:\Users\USER\AppData\Local\Temp\VMBuilds\VESCuino_UART\arduino_due_x_dbg\Debug/core.a(USBCore.cpp.o)
 .text._ZL7USB_ISRv
                0x00082f84      0x454 C:\Users\USER\AppData\Local\Temp\VMBuilds\VESCuino_UART\arduino_due_x_dbg\Debug/core.a(USBCore.cpp.o)
 .text.ltoa     0x000833d8       0x6e C:\Users\USER\AppData\Local\Temp\VMBuilds\VESCuino_UART\arduino_due_x_dbg\Debug/core.a(itoa.c.o)
                0x000833d8                ltoa
 .text.itoa     0x00083446        0x4 C:\Users\USER\AppData\Local\Temp\VMBuilds\VESCuino_UART\arduino_due_x_dbg\Debug/core.a(itoa.c.o)
                0x00083446                itoa
 *fill*         0x0008344a        0x2 
 .text._ZN7Serial_9availableEv
                0x0008344c       0x18 C:\Users\USER\AppData\Local\Temp\VMBuilds\VESCuino_UART\arduino_due_x_dbg\Debug/core.a(CDC.cpp.o)
                0x0008344c                Serial_::available()
 .text._ZN7Serial_17availableForWriteEv
                0x00083464        0x6 C:\Users\USER\AppData\Local\Temp\VMBuilds\VESCuino_UART\arduino_due_x_dbg\Debug/core.a(CDC.cpp.o)
                0x00083464                Serial_::availableForWrite()
 *fill*         0x0008346a        0x2 
 .text._ZN7Serial_4peekEv
                0x0008346c       0x20 C:\Users\USER\AppData\Local\Temp\VMBuilds\VESCuino_UART\arduino_due_x_dbg\Debug/core.a(CDC.cpp.o)
                0x0008346c                Serial_::peek()
 .text._ZN7Serial_5writeEh
                0x0008348c       0x16 C:\Users\USER\AppData\Local\Temp\VMBuilds\VESCuino_UART\arduino_due_x_dbg\Debug/core.a(CDC.cpp.o)
                0x0008348c                Serial_::write(unsigned char)
 *fill*         0x000834a2        0x2 
 .text._ZN7Serial_4readEv
                0x000834a4       0x44 C:\Users\USER\AppData\Local\Temp\VMBuilds\VESCuino_UART\arduino_due_x_dbg\Debug/core.a(CDC.cpp.o)
                0x000834a4                Serial_::read()
 .text._ZN7Serial_5flushEv
                0x000834e8        0x6 C:\Users\USER\AppData\Local\Temp\VMBuilds\VESCuino_UART\arduino_due_x_dbg\Debug/core.a(CDC.cpp.o)
                0x000834e8                Serial_::flush()
 *fill*         0x000834ee        0x2 
 .text._ZN7Serial_6acceptEv
                0x000834f0       0x70 C:\Users\USER\AppData\Local\Temp\VMBuilds\VESCuino_UART\arduino_due_x_dbg\Debug/core.a(CDC.cpp.o)
                0x000834f0                Serial_::accept()
 .text._ZN7Serial_5writeEPKhj
                0x00083560       0x2c C:\Users\USER\AppData\Local\Temp\VMBuilds\VESCuino_UART\arduino_due_x_dbg\Debug/core.a(CDC.cpp.o)
                0x00083560                Serial_::write(unsigned char const*, unsigned int)
 .text._Z16CDC_GetInterfacePh
                0x0008358c       0x14 C:\Users\USER\AppData\Local\Temp\VMBuilds\VESCuino_UART\arduino_due_x_dbg\Debug/core.a(CDC.cpp.o)
                0x0008358c                CDC_GetInterface(unsigned char*)
 .text._Z21CDC_GetOtherInterfacePh
                0x000835a0       0x14 C:\Users\USER\AppData\Local\Temp\VMBuilds\VESCuino_UART\arduino_due_x_dbg\Debug/core.a(CDC.cpp.o)
                0x000835a0                CDC_GetOtherInterface(unsigned char*)
 .text._Z9CDC_SetupR8USBSetup
                0x000835b4       0x78 C:\Users\USER\AppData\Local\Temp\VMBuilds\VESCuino_UART\arduino_due_x_dbg\Debug/core.a(CDC.cpp.o)
                0x000835b4                CDC_Setup(USBSetup&)
 .text.startup._GLOBAL__sub_I_cdc_rx_buffer
                0x0008362c       0x1c C:\Users\USER\AppData\Local\Temp\VMBuilds\VESCuino_UART\arduino_due_x_dbg\Debug/core.a(CDC.cpp.o)
 .text._ZN13PluggableUSB_12getInterfaceEPh
                0x00083648       0x28 C:\Users\USER\AppData\Local\Temp\VMBuilds\VESCuino_UART\arduino_due_x_dbg\Debug/core.a(PluggableUSB.cpp.o)
                0x00083648                PluggableUSB_::getInterface(unsigned char*)
 .text._ZN13PluggableUSB_13getDescriptorER8USBSetup
                0x00083670       0x1c C:\Users\USER\AppData\Local\Temp\VMBuilds\VESCuino_UART\arduino_due_x_dbg\Debug/core.a(PluggableUSB.cpp.o)
                0x00083670                PluggableUSB_::getDescriptor(USBSetup&)
 .text._ZN13PluggableUSB_12getShortNameEPc
                0x0008368c       0x1c C:\Users\USER\AppData\Local\Temp\VMBuilds\VESCuino_UART\arduino_due_x_dbg\Debug/core.a(PluggableUSB.cpp.o)
                0x0008368c                PluggableUSB_::getShortName(char*)
 .text._ZN13PluggableUSB_5setupER8USBSetup
                0x000836a8       0x20 C:\Users\USER\AppData\Local\Temp\VMBuilds\VESCuino_UART\arduino_due_x_dbg\Debug/core.a(PluggableUSB.cpp.o)
                0x000836a8                PluggableUSB_::setup(USBSetup&)
 .text._Z12PluggableUSBv
                0x000836c8       0x28 C:\Users\USER\AppData\Local\Temp\VMBuilds\VESCuino_UART\arduino_due_x_dbg\Debug/core.a(PluggableUSB.cpp.o)
                0x000836c8                PluggableUSB()
 .text.TimeTick_Increment
                0x000836f0       0x10 C:\Users\USER\AppData\Local\arduino15\packages\arduino\hardware\sam\1.6.11\variants\arduino_due_x/libsam_sam3x8e_gcc_rel.a(timetick.o)
                0x000836f0                TimeTick_Increment
 .text.GetTickCount
                0x00083700        0xc C:\Users\USER\AppData\Local\arduino15\packages\arduino\hardware\sam\1.6.11\variants\arduino_due_x/libsam_sam3x8e_gcc_rel.a(timetick.o)
                0x00083700                GetTickCount
 .text.WDT_Disable
                0x0008370c        0x8 C:\Users\USER\AppData\Local\arduino15\packages\arduino\hardware\sam\1.6.11\variants\arduino_due_x/libsam_sam3x8e_gcc_rel.a(wdt.o)
                0x0008370c                WDT_Disable
 .text.UDD_SetStack
                0x00083714        0xc C:\Users\USER\AppData\Local\arduino15\packages\arduino\hardware\sam\1.6.11\variants\arduino_due_x/libsam_sam3x8e_gcc_rel.a(uotghs_device.o)
                0x00083714                UDD_SetStack
 .text.UDD_Init
                0x00083720       0xd0 C:\Users\USER\AppData\Local\arduino15\packages\arduino\hardware\sam\1.6.11\variants\arduino_due_x/libsam_sam3x8e_gcc_rel.a(uotghs_device.o)
                0x00083720                UDD_Init
 .text.UDD_Attach
                0x000837f0       0x50 C:\Users\USER\AppData\Local\arduino15\packages\arduino\hardware\sam\1.6.11\variants\arduino_due_x/libsam_sam3x8e_gcc_rel.a(uotghs_device.o)
                0x000837f0                UDD_Attach
 .text.UDD_InitEP
                0x00083840       0x2c C:\Users\USER\AppData\Local\arduino15\packages\arduino\hardware\sam\1.6.11\variants\arduino_due_x/libsam_sam3x8e_gcc_rel.a(uotghs_device.o)
                0x00083840                UDD_InitEP
 .text.UDD_InitEndpoints
                0x0008386c       0x3c C:\Users\USER\AppData\Local\arduino15\packages\arduino\hardware\sam\1.6.11\variants\arduino_due_x/libsam_sam3x8e_gcc_rel.a(uotghs_device.o)
                0x0008386c                UDD_InitEndpoints
 .text.UDD_WaitIN
                0x000838a8       0x10 C:\Users\USER\AppData\Local\arduino15\packages\arduino\hardware\sam\1.6.11\variants\arduino_due_x/libsam_sam3x8e_gcc_rel.a(uotghs_device.o)
                0x000838a8                UDD_WaitIN
 .text.UDD_WaitOUT
                0x000838b8       0x10 C:\Users\USER\AppData\Local\arduino15\packages\arduino\hardware\sam\1.6.11\variants\arduino_due_x/libsam_sam3x8e_gcc_rel.a(uotghs_device.o)
                0x000838b8                UDD_WaitOUT
 .text.UDD_ClearIN
                0x000838c8       0x18 C:\Users\USER\AppData\Local\arduino15\packages\arduino\hardware\sam\1.6.11\variants\arduino_due_x/libsam_sam3x8e_gcc_rel.a(uotghs_device.o)
                0x000838c8                UDD_ClearIN
 .text.UDD_ClearOUT
                0x000838e0       0x18 C:\Users\USER\AppData\Local\arduino15\packages\arduino\hardware\sam\1.6.11\variants\arduino_due_x/libsam_sam3x8e_gcc_rel.a(uotghs_device.o)
                0x000838e0                UDD_ClearOUT
 .text.UDD_ReceivedSetupInt
                0x000838f8       0x10 C:\Users\USER\AppData\Local\arduino15\packages\arduino\hardware\sam\1.6.11\variants\arduino_due_x/libsam_sam3x8e_gcc_rel.a(uotghs_device.o)
                0x000838f8                UDD_ReceivedSetupInt
 .text.UDD_ClearSetupInt
                0x00083908       0x10 C:\Users\USER\AppData\Local\arduino15\packages\arduino\hardware\sam\1.6.11\variants\arduino_due_x/libsam_sam3x8e_gcc_rel.a(uotghs_device.o)
                0x00083908                UDD_ClearSetupInt
 .text.UDD_Send
                0x00083918       0x88 C:\Users\USER\AppData\Local\arduino15\packages\arduino\hardware\sam\1.6.11\variants\arduino_due_x/libsam_sam3x8e_gcc_rel.a(uotghs_device.o)
                0x00083918                UDD_Send
 .text.UDD_Send8
                0x000839a0       0x24 C:\Users\USER\AppData\Local\arduino15\packages\arduino\hardware\sam\1.6.11\variants\arduino_due_x/libsam_sam3x8e_gcc_rel.a(uotghs_device.o)
                0x000839a0                UDD_Send8
 .text.UDD_Recv8
                0x000839c4       0x28 C:\Users\USER\AppData\Local\arduino15\packages\arduino\hardware\sam\1.6.11\variants\arduino_due_x/libsam_sam3x8e_gcc_rel.a(uotghs_device.o)
                0x000839c4                UDD_Recv8
 .text.UDD_Recv
                0x000839ec       0x34 C:\Users\USER\AppData\Local\arduino15\packages\arduino\hardware\sam\1.6.11\variants\arduino_due_x/libsam_sam3x8e_gcc_rel.a(uotghs_device.o)
                0x000839ec                UDD_Recv
 .text.UDD_Stall
                0x00083a20       0x14 C:\Users\USER\AppData\Local\arduino15\packages\arduino\hardware\sam\1.6.11\variants\arduino_due_x/libsam_sam3x8e_gcc_rel.a(uotghs_device.o)
                0x00083a20                UDD_Stall
 .text.UDD_FifoByteCount
                0x00083a34       0x14 C:\Users\USER\AppData\Local\arduino15\packages\arduino\hardware\sam\1.6.11\variants\arduino_due_x/libsam_sam3x8e_gcc_rel.a(uotghs_device.o)
                0x00083a34                UDD_FifoByteCount
 .text.UDD_ReleaseRX
                0x00083a48       0x28 C:\Users\USER\AppData\Local\arduino15\packages\arduino\hardware\sam\1.6.11\variants\arduino_due_x/libsam_sam3x8e_gcc_rel.a(uotghs_device.o)
                0x00083a48                UDD_ReleaseRX
 .text.UDD_ReleaseTX
                0x00083a70       0x28 C:\Users\USER\AppData\Local\arduino15\packages\arduino\hardware\sam\1.6.11\variants\arduino_due_x/libsam_sam3x8e_gcc_rel.a(uotghs_device.o)
                0x00083a70                UDD_ReleaseTX
 .text.UDD_SetAddress
                0x00083a98       0x20 C:\Users\USER\AppData\Local\arduino15\packages\arduino\hardware\sam\1.6.11\variants\arduino_due_x/libsam_sam3x8e_gcc_rel.a(uotghs_device.o)
                0x00083a98                UDD_SetAddress
 .text.__fpclassifyd
                0x00083ab8       0x50 c:/users/user/appdata/local/arduino15/packages/arduino/tools/arm-none-eabi-gcc/4.8.3-2014q1/bin/../lib/gcc/arm-none-eabi/4.8.3/../../../../arm-none-eabi/lib/armv7-m\libm.a(lib_a-s_fpclassify.o)
                0x00083ab8                __fpclassifyd
 .text          0x00083b08      0x370 c:/users/user/appdata/local/arduino15/packages/arduino/tools/arm-none-eabi-gcc/4.8.3-2014q1/bin/../lib/gcc/arm-none-eabi/4.8.3/armv7-m\libgcc.a(_arm_addsubdf3.o)
                0x00083b08                __aeabi_drsub
                0x00083b10                __aeabi_dsub
                0x00083b10                __subdf3
                0x00083b14                __aeabi_dadd
                0x00083b14                __adddf3
                0x00083d8c                __floatunsidf
                0x00083d8c                __aeabi_ui2d
                0x00083dac                __floatsidf
                0x00083dac                __aeabi_i2d
                0x00083dd0                __aeabi_f2d
                0x00083dd0                __extendsfdf2
                0x00083e0c                __floatundidf
                0x00083e0c                __aeabi_ul2d
                0x00083e1c                __floatdidf
                0x00083e1c                __aeabi_l2d
 .text          0x00083e78      0x424 c:/users/user/appdata/local/arduino15/packages/arduino/tools/arm-none-eabi-gcc/4.8.3-2014q1/bin/../lib/gcc/arm-none-eabi/4.8.3/armv7-m\libgcc.a(_arm_muldivdf3.o)
                0x00083e78                __aeabi_dmul
                0x00083e78                __muldf3
                0x000840cc                __divdf3
                0x000840cc                __aeabi_ddiv
 .text          0x0008429c      0x110 c:/users/user/appdata/local/arduino15/packages/arduino/tools/arm-none-eabi-gcc/4.8.3-2014q1/bin/../lib/gcc/arm-none-eabi/4.8.3/armv7-m\libgcc.a(_arm_cmpdf2.o)
                0x0008429c                __gtdf2
                0x0008429c                __gedf2
                0x000842a4                __ltdf2
                0x000842a4                __ledf2
                0x000842ac                __nedf2
                0x000842ac                __eqdf2
                0x000842ac                __cmpdf2
                0x00084328                __aeabi_cdrcmple
                0x00084338                __aeabi_cdcmpeq
                0x00084338                __aeabi_cdcmple
                0x00084348                __aeabi_dcmpeq
                0x0008435c                __aeabi_dcmplt
                0x00084370                __aeabi_dcmple
                0x00084384                __aeabi_dcmpge
                0x00084398                __aeabi_dcmpgt
 .text          0x000843ac       0x50 c:/users/user/appdata/local/arduino15/packages/arduino/tools/arm-none-eabi-gcc/4.8.3-2014q1/bin/../lib/gcc/arm-none-eabi/4.8.3/armv7-m\libgcc.a(_arm_fixdfsi.o)
                0x000843ac                __aeabi_d2iz
                0x000843ac                __fixdfsi
 .text          0x000843fc       0x40 c:/users/user/appdata/local/arduino15/packages/arduino/tools/arm-none-eabi-gcc/4.8.3-2014q1/bin/../lib/gcc/arm-none-eabi/4.8.3/armv7-m\libgcc.a(_arm_fixunsdfsi.o)
                0x000843fc                __aeabi_d2uiz
                0x000843fc                __fixunsdfsi
 .text          0x0008443c       0xa0 c:/users/user/appdata/local/arduino15/packages/arduino/tools/arm-none-eabi-gcc/4.8.3-2014q1/bin/../lib/gcc/arm-none-eabi/4.8.3/armv7-m\libgcc.a(_arm_truncdfsf2.o)
                0x0008443c                __truncdfsf2
                0x0008443c                __aeabi_d2f
 .text          0x000844dc      0x21c c:/users/user/appdata/local/arduino15/packages/arduino/tools/arm-none-eabi-gcc/4.8.3-2014q1/bin/../lib/gcc/arm-none-eabi/4.8.3/armv7-m\libgcc.a(_arm_addsubsf3.o)
                0x000844dc                __aeabi_frsub
                0x000844e4                __subsf3
                0x000844e4                __aeabi_fsub
                0x000844e8                __aeabi_fadd
                0x000844e8                __addsf3
                0x00084648                __aeabi_ui2f
                0x00084648                __floatunsisf
                0x00084650                __aeabi_i2f
                0x00084650                __floatsisf
                0x0008466c                __aeabi_ul2f
                0x0008466c                __floatundisf
                0x0008467c                __aeabi_l2f
                0x0008467c                __floatdisf
 .text          0x000846f8      0x2a0 c:/users/user/appdata/local/arduino15/packages/arduino/tools/arm-none-eabi-gcc/4.8.3-2014q1/bin/../lib/gcc/arm-none-eabi/4.8.3/armv7-m\libgcc.a(_arm_muldivsf3.o)
                0x000846f8                __mulsf3
                0x000846f8                __aeabi_fmul
                0x00084860                __aeabi_fdiv
                0x00084860                __divsf3
 .text          0x00084998       0xec c:/users/user/appdata/local/arduino15/packages/arduino/tools/arm-none-eabi-gcc/4.8.3-2014q1/bin/../lib/gcc/arm-none-eabi/4.8.3/armv7-m\libgcc.a(_arm_cmpsf2.o)
                0x00084998                __gesf2
                0x00084998                __gtsf2
                0x000849a0                __lesf2
                0x000849a0                __ltsf2
                0x000849a8                __nesf2
                0x000849a8                __eqsf2
                0x000849a8                __cmpsf2
                0x00084a08                __aeabi_cfrcmple
                0x00084a10                __aeabi_cfcmpeq
                0x00084a10                __aeabi_cfcmple
                0x00084a20                __aeabi_fcmpeq
                0x00084a34                __aeabi_fcmplt
                0x00084a48                __aeabi_fcmple
                0x00084a5c                __aeabi_fcmpge
                0x00084a70                __aeabi_fcmpgt
 .text.__aeabi_atexit
                0x00084a84        0xc c:/users/user/appdata/local/arduino15/packages/arduino/tools/arm-none-eabi-gcc/4.8.3-2014q1/bin/../lib/gcc/arm-none-eabi/4.8.3/../../../../arm-none-eabi/lib/armv7-m\libg.a(lib_a-aeabi_atexit.o)
                0x00084a84                __aeabi_atexit
 .text.__assert_func
                0x00084a90       0x3c c:/users/user/appdata/local/arduino15/packages/arduino/tools/arm-none-eabi-gcc/4.8.3-2014q1/bin/../lib/gcc/arm-none-eabi/4.8.3/../../../../arm-none-eabi/lib/armv7-m\libg.a(lib_a-assert.o)
                0x00084a90                __assert_func
 .text.__cxa_atexit
                0x00084acc       0x14 c:/users/user/appdata/local/arduino15/packages/arduino/tools/arm-none-eabi-gcc/4.8.3-2014q1/bin/../lib/gcc/arm-none-eabi/4.8.3/../../../../arm-none-eabi/lib/armv7-m\libg.a(lib_a-cxa_atexit.o)
                0x00084acc                __cxa_atexit
 .text.fiprintf
                0x00084ae0       0x28 c:/users/user/appdata/local/arduino15/packages/arduino/tools/arm-none-eabi-gcc/4.8.3-2014q1/bin/../lib/gcc/arm-none-eabi/4.8.3/../../../../arm-none-eabi/lib/armv7-m\libg.a(lib_a-fiprintf.o)
                0x00084ae0                fiprintf
 .text.__libc_init_array
                0x00084b08       0x50 c:/users/user/appdata/local/arduino15/packages/arduino/tools/arm-none-eabi-gcc/4.8.3-2014q1/bin/../lib/gcc/arm-none-eabi/4.8.3/../../../../arm-none-eabi/lib/armv7-m\libg.a(lib_a-init.o)
                0x00084b08                __libc_init_array
 .text.iprintf  0x00084b58       0x28 c:/users/user/appdata/local/arduino15/packages/arduino/tools/arm-none-eabi-gcc/4.8.3-2014q1/bin/../lib/gcc/arm-none-eabi/4.8.3/../../../../arm-none-eabi/lib/armv7-m\libg.a(lib_a-iprintf.o)
                0x00084b58                iprintf
 .text.malloc   0x00084b80       0x10 c:/users/user/appdata/local/arduino15/packages/arduino/tools/arm-none-eabi-gcc/4.8.3-2014q1/bin/../lib/gcc/arm-none-eabi/4.8.3/../../../../arm-none-eabi/lib/armv7-m\libg.a(lib_a-malloc.o)
                0x00084b80                malloc
 .text.free     0x00084b90       0x10 c:/users/user/appdata/local/arduino15/packages/arduino/tools/arm-none-eabi-gcc/4.8.3-2014q1/bin/../lib/gcc/arm-none-eabi/4.8.3/../../../../arm-none-eabi/lib/armv7-m\libg.a(lib_a-malloc.o)
                0x00084b90                free
 .text._malloc_r
                0x00084ba0      0x538 c:/users/user/appdata/local/arduino15/packages/arduino/tools/arm-none-eabi-gcc/4.8.3-2014q1/bin/../lib/gcc/arm-none-eabi/4.8.3/../../../../arm-none-eabi/lib/armv7-m\libg.a(lib_a-mallocr.o)
                0x00084ba0                _malloc_r
 .text          0x000850d8       0xec c:/users/user/appdata/local/arduino15/packages/arduino/tools/arm-none-eabi-gcc/4.8.3-2014q1/bin/../lib/gcc/arm-none-eabi/4.8.3/../../../../arm-none-eabi/lib/armv7-m\libg.a(lib_a-memcpy.o)
                0x000850d8                memcpy
 .text.memmove  0x000851c4       0xcc c:/users/user/appdata/local/arduino15/packages/arduino/tools/arm-none-eabi-gcc/4.8.3-2014q1/bin/../lib/gcc/arm-none-eabi/4.8.3/../../../../arm-none-eabi/lib/armv7-m\libg.a(lib_a-memmove.o)
                0x000851c4                memmove
 .text.memset   0x00085290       0x94 c:/users/user/appdata/local/arduino15/packages/arduino/tools/arm-none-eabi-gcc/4.8.3-2014q1/bin/../lib/gcc/arm-none-eabi/4.8.3/../../../../arm-none-eabi/lib/armv7-m\libg.a(lib_a-memset.o)
                0x00085290                memset
 .text.__malloc_lock
                0x00085324        0x4 c:/users/user/appdata/local/arduino15/packages/arduino/tools/arm-none-eabi-gcc/4.8.3-2014q1/bin/../lib/gcc/arm-none-eabi/4.8.3/../../../../arm-none-eabi/lib/armv7-m\libg.a(lib_a-mlock.o)
                0x00085324                __malloc_lock
 .text.__malloc_unlock
                0x00085328        0x4 c:/users/user/appdata/local/arduino15/packages/arduino/tools/arm-none-eabi-gcc/4.8.3-2014q1/bin/../lib/gcc/arm-none-eabi/4.8.3/../../../../arm-none-eabi/lib/armv7-m\libg.a(lib_a-mlock.o)
                0x00085328                __malloc_unlock
 .text.realloc  0x0008532c       0x10 c:/users/user/appdata/local/arduino15/packages/arduino/tools/arm-none-eabi-gcc/4.8.3-2014q1/bin/../lib/gcc/arm-none-eabi/4.8.3/../../../../arm-none-eabi/lib/armv7-m\libg.a(lib_a-realloc.o)
                0x0008532c                realloc
 .text._realloc_r
                0x0008533c      0x3c0 c:/users/user/appdata/local/arduino15/packages/arduino/tools/arm-none-eabi-gcc/4.8.3-2014q1/bin/../lib/gcc/arm-none-eabi/4.8.3/../../../../arm-none-eabi/lib/armv7-m\libg.a(lib_a-reallocr.o)
                0x0008533c                _realloc_r
 .text._sbrk_r  0x000856fc       0x24 c:/users/user/appdata/local/arduino15/packages/arduino/tools/arm-none-eabi-gcc/4.8.3-2014q1/bin/../lib/gcc/arm-none-eabi/4.8.3/../../../../arm-none-eabi/lib/armv7-m\libg.a(lib_a-sbrkr.o)
                0x000856fc                _sbrk_r
 .text.strcpy   0x00085720       0xbc c:/users/user/appdata/local/arduino15/packages/arduino/tools/arm-none-eabi-gcc/4.8.3-2014q1/bin/../lib/gcc/arm-none-eabi/4.8.3/../../../../arm-none-eabi/lib/armv7-m\libg.a(lib_a-strcpy.o)
                0x00085720                strcpy
 .text.strlen   0x000857dc       0x60 c:/users/user/appdata/local/arduino15/packages/arduino/tools/arm-none-eabi-gcc/4.8.3-2014q1/bin/../lib/gcc/arm-none-eabi/4.8.3/../../../../arm-none-eabi/lib/armv7-m\libg.a(lib_a-strlen.o)
                0x000857dc                strlen
 .text.kill     0x0008583c       0x10 c:/users/user/appdata/local/arduino15/packages/arduino/tools/arm-none-eabi-gcc/4.8.3-2014q1/bin/../lib/gcc/arm-none-eabi/4.8.3/../../../../arm-none-eabi/lib/armv7-m\libg.a(lib_a-syskill.o)
                0x0008583c                kill
 .text.__sprint_r.part.0
                0x0008584c       0x78 c:/users/user/appdata/local/arduino15/packages/arduino/tools/arm-none-eabi-gcc/4.8.3-2014q1/bin/../lib/gcc/arm-none-eabi/4.8.3/../../../../arm-none-eabi/lib/armv7-m\libg.a(lib_a-vfiprintf.o)
 .text._vfiprintf_r
                0x000858c4      0xc54 c:/users/user/appdata/local/arduino15/packages/arduino/tools/arm-none-eabi-gcc/4.8.3-2014q1/bin/../lib/gcc/arm-none-eabi/4.8.3/../../../../arm-none-eabi/lib/armv7-m\libg.a(lib_a-vfiprintf.o)
                0x000858c4                _vfiprintf_r
 .text.__sbprintf
                0x00086518       0x7c c:/users/user/appdata/local/arduino15/packages/arduino/tools/arm-none-eabi-gcc/4.8.3-2014q1/bin/../lib/gcc/arm-none-eabi/4.8.3/../../../../arm-none-eabi/lib/armv7-m\libg.a(lib_a-vfiprintf.o)
 .text.__swsetup_r
                0x00086594       0xc4 c:/users/user/appdata/local/arduino15/packages/arduino/tools/arm-none-eabi-gcc/4.8.3-2014q1/bin/../lib/gcc/arm-none-eabi/4.8.3/../../../../arm-none-eabi/lib/armv7-m\libg.a(lib_a-wsetup.o)
                0x00086594                __swsetup_r
 .text.__register_exitproc
                0x00086658       0xa8 c:/users/user/appdata/local/arduino15/packages/arduino/tools/arm-none-eabi-gcc/4.8.3-2014q1/bin/../lib/gcc/arm-none-eabi/4.8.3/../../../../arm-none-eabi/lib/armv7-m\libg.a(lib_a-__atexit.o)
                0x00086658                __register_exitproc
 .text.startup.register_fini
                0x00086700       0x14 c:/users/user/appdata/local/arduino15/packages/arduino/tools/arm-none-eabi-gcc/4.8.3-2014q1/bin/../lib/gcc/arm-none-eabi/4.8.3/../../../../arm-none-eabi/lib/armv7-m\libg.a(lib_a-__call_atexit.o)
 .text.abort    0x00086714       0x10 c:/users/user/appdata/local/arduino15/packages/arduino/tools/arm-none-eabi-gcc/4.8.3-2014q1/bin/../lib/gcc/arm-none-eabi/4.8.3/../../../../arm-none-eabi/lib/armv7-m\libg.a(lib_a-abort.o)
                0x00086714                abort
 .text.atexit   0x00086724        0xc c:/users/user/appdata/local/arduino15/packages/arduino/tools/arm-none-eabi-gcc/4.8.3-2014q1/bin/../lib/gcc/arm-none-eabi/4.8.3/../../../../arm-none-eabi/lib/armv7-m\libg.a(lib_a-atexit.o)
                0x00086724                atexit
 .text.__sflush_r
                0x00086730      0x148 c:/users/user/appdata/local/arduino15/packages/arduino/tools/arm-none-eabi-gcc/4.8.3-2014q1/bin/../lib/gcc/arm-none-eabi/4.8.3/../../../../arm-none-eabi/lib/armv7-m\libg.a(lib_a-fflush.o)
                0x00086730                __sflush_r
 .text._fflush_r
                0x00086878       0x2c c:/users/user/appdata/local/arduino15/packages/arduino/tools/arm-none-eabi-gcc/4.8.3-2014q1/bin/../lib/gcc/arm-none-eabi/4.8.3/../../../../arm-none-eabi/lib/armv7-m\libg.a(lib_a-fflush.o)
                0x00086878                _fflush_r
 .text._cleanup_r
                0x000868a4        0xc c:/users/user/appdata/local/arduino15/packages/arduino/tools/arm-none-eabi-gcc/4.8.3-2014q1/bin/../lib/gcc/arm-none-eabi/4.8.3/../../../../arm-none-eabi/lib/armv7-m\libg.a(lib_a-findfp.o)
                0x000868a4                _cleanup_r
 .text.__sinit  0x000868b0       0xf4 c:/users/user/appdata/local/arduino15/packages/arduino/tools/arm-none-eabi-gcc/4.8.3-2014q1/bin/../lib/gcc/arm-none-eabi/4.8.3/../../../../arm-none-eabi/lib/armv7-m\libg.a(lib_a-findfp.o)
                0x000868b0                __sinit
 .text.__sfp_lock_acquire
                0x000869a4        0x4 c:/users/user/appdata/local/arduino15/packages/arduino/tools/arm-none-eabi-gcc/4.8.3-2014q1/bin/../lib/gcc/arm-none-eabi/4.8.3/../../../../arm-none-eabi/lib/armv7-m\libg.a(lib_a-findfp.o)
                0x000869a4                __sfp_lock_acquire
 .text.__sfp_lock_release
                0x000869a8        0x4 c:/users/user/appdata/local/arduino15/packages/arduino/tools/arm-none-eabi-gcc/4.8.3-2014q1/bin/../lib/gcc/arm-none-eabi/4.8.3/../../../../arm-none-eabi/lib/armv7-m\libg.a(lib_a-findfp.o)
                0x000869a8                __sfp_lock_release
 .text.__libc_fini_array
                0x000869ac       0x30 c:/users/user/appdata/local/arduino15/packages/arduino/tools/arm-none-eabi-gcc/4.8.3-2014q1/bin/../lib/gcc/arm-none-eabi/4.8.3/../../../../arm-none-eabi/lib/armv7-m\libg.a(lib_a-fini.o)
                0x000869ac                __libc_fini_array
 .text._fputwc_r
                0x000869dc       0xc0 c:/users/user/appdata/local/arduino15/packages/arduino/tools/arm-none-eabi-gcc/4.8.3-2014q1/bin/../lib/gcc/arm-none-eabi/4.8.3/../../../../arm-none-eabi/lib/armv7-m\libg.a(lib_a-fputwc.o)
                0x000869dc                _fputwc_r
 .text._malloc_trim_r
                0x00086a9c       0x9c c:/users/user/appdata/local/arduino15/packages/arduino/tools/arm-none-eabi-gcc/4.8.3-2014q1/bin/../lib/gcc/arm-none-eabi/4.8.3/../../../../arm-none-eabi/lib/armv7-m\libg.a(lib_a-freer.o)
                0x00086a9c                _malloc_trim_r
 .text._free_r  0x00086b38      0x198 c:/users/user/appdata/local/arduino15/packages/arduino/tools/arm-none-eabi-gcc/4.8.3-2014q1/bin/../lib/gcc/arm-none-eabi/4.8.3/../../../../arm-none-eabi/lib/armv7-m\libg.a(lib_a-freer.o)
                0x00086b38                _free_r
 .text.__sfvwrite_r
                0x00086cd0      0x314 c:/users/user/appdata/local/arduino15/packages/arduino/tools/arm-none-eabi-gcc/4.8.3-2014q1/bin/../lib/gcc/arm-none-eabi/4.8.3/../../../../arm-none-eabi/lib/armv7-m\libg.a(lib_a-fvwrite.o)
                0x00086cd0                __sfvwrite_r
 .text._fwalk   0x00086fe4       0x48 c:/users/user/appdata/local/arduino15/packages/arduino/tools/arm-none-eabi-gcc/4.8.3-2014q1/bin/../lib/gcc/arm-none-eabi/4.8.3/../../../../arm-none-eabi/lib/armv7-m\libg.a(lib_a-fwalk.o)
                0x00086fe4                _fwalk
 .text.__locale_charset
                0x0008702c        0x8 c:/users/user/appdata/local/arduino15/packages/arduino/tools/arm-none-eabi-gcc/4.8.3-2014q1/bin/../lib/gcc/arm-none-eabi/4.8.3/../../../../arm-none-eabi/lib/armv7-m\libg.a(lib_a-locale.o)
                0x0008702c                __locale_charset
 .text.__locale_mb_cur_max
                0x00087034        0xc c:/users/user/appdata/local/arduino15/packages/arduino/tools/arm-none-eabi-gcc/4.8.3-2014q1/bin/../lib/gcc/arm-none-eabi/4.8.3/../../../../arm-none-eabi/lib/armv7-m\libg.a(lib_a-locale.o)
                0x00087034                __locale_mb_cur_max
 .text.__smakebuf_r
                0x00087040       0xe0 c:/users/user/appdata/local/arduino15/packages/arduino/tools/arm-none-eabi-gcc/4.8.3-2014q1/bin/../lib/gcc/arm-none-eabi/4.8.3/../../../../arm-none-eabi/lib/armv7-m\libg.a(lib_a-makebuf.o)
                0x00087040                __smakebuf_r
 .text.memchr   0x00087120       0x94 c:/users/user/appdata/local/arduino15/packages/arduino/tools/arm-none-eabi-gcc/4.8.3-2014q1/bin/../lib/gcc/arm-none-eabi/4.8.3/../../../../arm-none-eabi/lib/armv7-m\libg.a(lib_a-memchr-stub.o)
                0x00087120                memchr
 .text._raise_r
                0x000871b4       0x58 c:/users/user/appdata/local/arduino15/packages/arduino/tools/arm-none-eabi-gcc/4.8.3-2014q1/bin/../lib/gcc/arm-none-eabi/4.8.3/../../../../arm-none-eabi/lib/armv7-m\libg.a(lib_a-signal.o)
                0x000871b4                _raise_r
 .text.raise    0x0008720c       0x10 c:/users/user/appdata/local/arduino15/packages/arduino/tools/arm-none-eabi-gcc/4.8.3-2014q1/bin/../lib/gcc/arm-none-eabi/4.8.3/../../../../arm-none-eabi/lib/armv7-m\libg.a(lib_a-signal.o)
                0x0008720c                raise
 .text._kill_r  0x0008721c       0x28 c:/users/user/appdata/local/arduino15/packages/arduino/tools/arm-none-eabi-gcc/4.8.3-2014q1/bin/../lib/gcc/arm-none-eabi/4.8.3/../../../../arm-none-eabi/lib/armv7-m\libg.a(lib_a-signalr.o)
                0x0008721c                _kill_r
 .text._getpid_r
                0x00087244        0x4 c:/users/user/appdata/local/arduino15/packages/arduino/tools/arm-none-eabi-gcc/4.8.3-2014q1/bin/../lib/gcc/arm-none-eabi/4.8.3/../../../../arm-none-eabi/lib/armv7-m\libg.a(lib_a-signalr.o)
                0x00087244                _getpid_r
 .text.__sread  0x00087248       0x24 c:/users/user/appdata/local/arduino15/packages/arduino/tools/arm-none-eabi-gcc/4.8.3-2014q1/bin/../lib/gcc/arm-none-eabi/4.8.3/../../../../arm-none-eabi/lib/armv7-m\libg.a(lib_a-stdio.o)
                0x00087248                __sread
 .text.__swrite
                0x0008726c       0x38 c:/users/user/appdata/local/arduino15/packages/arduino/tools/arm-none-eabi-gcc/4.8.3-2014q1/bin/../lib/gcc/arm-none-eabi/4.8.3/../../../../arm-none-eabi/lib/armv7-m\libg.a(lib_a-stdio.o)
                0x0008726c                __swrite
 .text.__sseek  0x000872a4       0x20 c:/users/user/appdata/local/arduino15/packages/arduino/tools/arm-none-eabi-gcc/4.8.3-2014q1/bin/../lib/gcc/arm-none-eabi/4.8.3/../../../../arm-none-eabi/lib/armv7-m\libg.a(lib_a-stdio.o)
                0x000872a4                __sseek
 .text.__sclose
                0x000872c4        0x8 c:/users/user/appdata/local/arduino15/packages/arduino/tools/arm-none-eabi-gcc/4.8.3-2014q1/bin/../lib/gcc/arm-none-eabi/4.8.3/../../../../arm-none-eabi/lib/armv7-m\libg.a(lib_a-stdio.o)
                0x000872c4                __sclose
 .text.__swbuf_r
                0x000872cc       0xa8 c:/users/user/appdata/local/arduino15/packages/arduino/tools/arm-none-eabi-gcc/4.8.3-2014q1/bin/../lib/gcc/arm-none-eabi/4.8.3/../../../../arm-none-eabi/lib/armv7-m\libg.a(lib_a-wbuf.o)
                0x000872cc                __swbuf_r
 .text._wcrtomb_r
                0x00087374       0x50 c:/users/user/appdata/local/arduino15/packages/arduino/tools/arm-none-eabi-gcc/4.8.3-2014q1/bin/../lib/gcc/arm-none-eabi/4.8.3/../../../../arm-none-eabi/lib/armv7-m\libg.a(lib_a-wcrtomb.o)
                0x00087374                _wcrtomb_r
 .text.__ascii_wctomb
                0x000873c4       0x1c c:/users/user/appdata/local/arduino15/packages/arduino/tools/arm-none-eabi-gcc/4.8.3-2014q1/bin/../lib/gcc/arm-none-eabi/4.8.3/../../../../arm-none-eabi/lib/armv7-m\libg.a(lib_a-wctomb_r.o)
                0x000873c4                __ascii_wctomb
 .text._write_r
                0x000873e0       0x28 c:/users/user/appdata/local/arduino15/packages/arduino/tools/arm-none-eabi-gcc/4.8.3-2014q1/bin/../lib/gcc/arm-none-eabi/4.8.3/../../../../arm-none-eabi/lib/armv7-m\libg.a(lib_a-writer.o)
                0x000873e0                _write_r
 .text._close_r
                0x00087408       0x24 c:/users/user/appdata/local/arduino15/packages/arduino/tools/arm-none-eabi-gcc/4.8.3-2014q1/bin/../lib/gcc/arm-none-eabi/4.8.3/../../../../arm-none-eabi/lib/armv7-m\libg.a(lib_a-closer.o)
                0x00087408                _close_r
 .text._fclose_r
                0x0008742c       0x80 c:/users/user/appdata/local/arduino15/packages/arduino/tools/arm-none-eabi-gcc/4.8.3-2014q1/bin/../lib/gcc/arm-none-eabi/4.8.3/../../../../arm-none-eabi/lib/armv7-m\libg.a(lib_a-fclose.o)
                0x0008742c                _fclose_r
 .text.fclose   0x000874ac       0x10 c:/users/user/appdata/local/arduino15/packages/arduino/tools/arm-none-eabi-gcc/4.8.3-2014q1/bin/../lib/gcc/arm-none-eabi/4.8.3/../../../../arm-none-eabi/lib/armv7-m\libg.a(lib_a-fclose.o)
                0x000874ac                fclose
 .text._fstat_r
                0x000874bc       0x28 c:/users/user/appdata/local/arduino15/packages/arduino/tools/arm-none-eabi-gcc/4.8.3-2014q1/bin/../lib/gcc/arm-none-eabi/4.8.3/../../../../arm-none-eabi/lib/armv7-m\libg.a(lib_a-fstatr.o)
                0x000874bc                _fstat_r
 .text._isatty_r
                0x000874e4       0x24 c:/users/user/appdata/local/arduino15/packages/arduino/tools/arm-none-eabi-gcc/4.8.3-2014q1/bin/../lib/gcc/arm-none-eabi/4.8.3/../../../../arm-none-eabi/lib/armv7-m\libg.a(lib_a-isattyr.o)
                0x000874e4                _isatty_r
 .text._lseek_r
                0x00087508       0x28 c:/users/user/appdata/local/arduino15/packages/arduino/tools/arm-none-eabi-gcc/4.8.3-2014q1/bin/../lib/gcc/arm-none-eabi/4.8.3/../../../../arm-none-eabi/lib/armv7-m\libg.a(lib_a-lseekr.o)
                0x00087508                _lseek_r
 .text._read_r  0x00087530       0x28 c:/users/user/appdata/local/arduino15/packages/arduino/tools/arm-none-eabi-gcc/4.8.3-2014q1/bin/../lib/gcc/arm-none-eabi/4.8.3/../../../../arm-none-eabi/lib/armv7-m\libg.a(lib_a-readr.o)
                0x00087530                _read_r
 .text          0x00087558       0x2c c:/users/user/appdata/local/arduino15/packages/arduino/tools/arm-none-eabi-gcc/4.8.3-2014q1/bin/../lib/gcc/arm-none-eabi/4.8.3/armv7-m\libgcc.a(_aeabi_uldivmod.o)
                0x00087558                __aeabi_uldivmod
 .text          0x00087584       0x60 c:/users/user/appdata/local/arduino15/packages/arduino/tools/arm-none-eabi-gcc/4.8.3-2014q1/bin/../lib/gcc/arm-none-eabi/4.8.3/armv7-m\libgcc.a(bpabi.o)
                0x00087584                __gnu_ldivmod_helper
                0x000875b4                __gnu_uldivmod_helper
 .text          0x000875e4        0x4 c:/users/user/appdata/local/arduino15/packages/arduino/tools/arm-none-eabi-gcc/4.8.3-2014q1/bin/../lib/gcc/arm-none-eabi/4.8.3/armv7-m\libgcc.a(_dvmd_tls.o)
                0x000875e4                __aeabi_idiv0
                0x000875e4                __aeabi_ldiv0
 .text          0x000875e8      0x2a0 c:/users/user/appdata/local/arduino15/packages/arduino/tools/arm-none-eabi-gcc/4.8.3-2014q1/bin/../lib/gcc/arm-none-eabi/4.8.3/armv7-m\libgcc.a(_divdi3.o)
                0x000875e8                __divdi3
 .text          0x00087888      0x290 c:/users/user/appdata/local/arduino15/packages/arduino/tools/arm-none-eabi-gcc/4.8.3-2014q1/bin/../lib/gcc/arm-none-eabi/4.8.3/armv7-m\libgcc.a(_udivdi3.o)
                0x00087888                __udivdi3
 *(.glue_7t)
 .glue_7t       0x00000000        0x0 linker stubs
 *(.glue_7)
 .glue_7        0x00000000        0x0 linker stubs
 *(.rodata .rodata* .gnu.linkonce.r.*)
 .rodata.str1.1
                0x00087b18       0x84 C:\Users\USER\AppData\Local\Temp\VMBuilds\VESCuino_UART\arduino_due_x_dbg\Debug\VESCuino_UART.cpp.o
 .rodata        0x00087b9c        0x8 C:\Users\USER\AppData\Local\Temp\VMBuilds\VESCuino_UART\arduino_due_x_dbg\Debug\DueTimer\DueTimer.cpp.o
 .rodata._ZN8DueTimer6TimersE
                0x00087ba4       0x6c C:\Users\USER\AppData\Local\Temp\VMBuilds\VESCuino_UART\arduino_due_x_dbg\Debug\DueTimer\DueTimer.cpp.o
                0x00087ba4                DueTimer::Timers
 .rodata._ZL9crc16_tab
                0x00087c10      0x200 C:\Users\USER\AppData\Local\Temp\VMBuilds\VESCuino_UART\arduino_due_x_dbg\Debug\VESCuino_Arduino_Control\crc.cpp.o
 .rodata.str1.1
                0x00087e10       0x9a C:\Users\USER\AppData\Local\Temp\VMBuilds\VESCuino_UART\arduino_due_x_dbg\Debug\VESCuino_Arduino_Control\vescuino_uart_arduino.cpp.o
 .rodata.str1.1
                0x00087eaa       0x6a C:\Users\USER\AppData\Local\Temp\VMBuilds\VESCuino_UART\arduino_due_x_dbg\Debug\VM_DBG\VM_DBG.cpp.o
                                 0x6c (size before relaxing)
 .rodata.g_APinDescription
                0x00087f14      0xa2c C:\Users\USER\AppData\Local\Temp\VMBuilds\VESCuino_UART\arduino_due_x_dbg\Debug\variant\variant.cpp.o
                0x00087f14                g_APinDescription
 .rodata.__func__.6792
                0x00088940        0xd C:\Users\USER\AppData\Local\arduino15\packages\arduino\hardware\sam\1.6.11\variants\arduino_due_x/libsam_sam3x8e_gcc_rel.a(tc.o)
 .rodata.str1.1
                0x0008894d       0x54 C:\Users\USER\AppData\Local\arduino15\packages\arduino\hardware\sam\1.6.11\variants\arduino_due_x/libsam_sam3x8e_gcc_rel.a(tc.o)
 .rodata.__func__.6798
                0x000889a1        0x9 C:\Users\USER\AppData\Local\arduino15\packages\arduino\hardware\sam\1.6.11\variants\arduino_due_x/libsam_sam3x8e_gcc_rel.a(tc.o)
 *fill*         0x000889aa        0x2 
 .rodata        0x000889ac       0x40 C:\Users\USER\AppData\Local\arduino15\packages\arduino\hardware\sam\1.6.11\variants\arduino_due_x/libsam_sam3x8e_gcc_rel.a(adc.o)
 .rodata.str1.1
                0x000889ec       0x19 C:\Users\USER\AppData\Local\Temp\VMBuilds\VESCuino_UART\arduino_due_x_dbg\Debug/core.a(syscalls_sam3.c.o)
 .rodata.str1.1
                0x00088a05        0xc C:\Users\USER\AppData\Local\Temp\VMBuilds\VESCuino_UART\arduino_due_x_dbg\Debug/core.a(Print.cpp.o)
                                  0xf (size before relaxing)
 *fill*         0x00088a11        0x7 
 .rodata._ZTV9UARTClass
                0x00088a18       0x30 C:\Users\USER\AppData\Local\Temp\VMBuilds\VESCuino_UART\arduino_due_x_dbg\Debug/core.a(UARTClass.cpp.o)
                0x00088a18                vtable for UARTClass
 .rodata._ZTV10USARTClass
                0x00088a48       0x30 C:\Users\USER\AppData\Local\Temp\VMBuilds\VESCuino_UART\arduino_due_x_dbg\Debug/core.a(USARTClass.cpp.o)
                0x00088a48                vtable for USARTClass
 .rodata.STRING_PRODUCT
                0x00088a78        0xc C:\Users\USER\AppData\Local\Temp\VMBuilds\VESCuino_UART\arduino_due_x_dbg\Debug/core.a(USBCore.cpp.o)
                0x00088a78                STRING_PRODUCT
 .rodata.USB_DeviceDescriptor
                0x00088a84       0x12 C:\Users\USER\AppData\Local\Temp\VMBuilds\VESCuino_UART\arduino_due_x_dbg\Debug/core.a(USBCore.cpp.o)
                0x00088a84                USB_DeviceDescriptor
 .rodata.STRING_LANGUAGE
                0x00088a96        0x4 C:\Users\USER\AppData\Local\Temp\VMBuilds\VESCuino_UART\arduino_due_x_dbg\Debug/core.a(USBCore.cpp.o)
                0x00088a96                STRING_LANGUAGE
 .rodata._ZL18test_packet_buffer
                0x00088a9a       0x35 C:\Users\USER\AppData\Local\Temp\VMBuilds\VESCuino_UART\arduino_due_x_dbg\Debug/core.a(USBCore.cpp.o)
 .rodata.STRING_MANUFACTURER
                0x00088acf        0xc C:\Users\USER\AppData\Local\Temp\VMBuilds\VESCuino_UART\arduino_due_x_dbg\Debug/core.a(USBCore.cpp.o)
                0x00088acf                STRING_MANUFACTURER
 .rodata.USB_DeviceDescriptorA
                0x00088adb       0x12 C:\Users\USER\AppData\Local\Temp\VMBuilds\VESCuino_UART\arduino_due_x_dbg\Debug/core.a(USBCore.cpp.o)
                0x00088adb                USB_DeviceDescriptorA
 .rodata._ZL19USB_DeviceQualifier
                0x00088aed        0x9 C:\Users\USER\AppData\Local\Temp\VMBuilds\VESCuino_UART\arduino_due_x_dbg\Debug/core.a(USBCore.cpp.o)
 *fill*         0x00088af6        0x2 
 .rodata._ZTV7Serial_
                0x00088af8       0x28 C:\Users\USER\AppData\Local\Temp\VMBuilds\VESCuino_UART\arduino_due_x_dbg\Debug/core.a(CDC.cpp.o)
                0x00088af8                vtable for Serial_
 .rodata._ZL18_cdcOtherInterface
                0x00088b20       0x42 C:\Users\USER\AppData\Local\Temp\VMBuilds\VESCuino_UART\arduino_due_x_dbg\Debug/core.a(CDC.cpp.o)
 .rodata._ZL13_cdcInterface
                0x00088b62       0x42 C:\Users\USER\AppData\Local\Temp\VMBuilds\VESCuino_UART\arduino_due_x_dbg\Debug/core.a(CDC.cpp.o)
 .rodata.str1.4
                0x00088ba4       0x3f c:/users/user/appdata/local/arduino15/packages/arduino/tools/arm-none-eabi-gcc/4.8.3-2014q1/bin/../lib/gcc/arm-none-eabi/4.8.3/../../../../arm-none-eabi/lib/armv7-m\libg.a(lib_a-assert.o)
                                 0x44 (size before relaxing)
 *fill*         0x00088be3        0x1 
 .rodata.str1.4
                0x00088be4        0x2 c:/users/user/appdata/local/arduino15/packages/arduino/tools/arm-none-eabi-gcc/4.8.3-2014q1/bin/../lib/gcc/arm-none-eabi/4.8.3/../../../../arm-none-eabi/lib/armv7-m\libg.a(lib_a-impure.o)
                                  0x4 (size before relaxing)
 *fill*         0x00088be6        0x2 
 .rodata._global_impure_ptr
                0x00088be8        0x4 c:/users/user/appdata/local/arduino15/packages/arduino/tools/arm-none-eabi-gcc/4.8.3-2014q1/bin/../lib/gcc/arm-none-eabi/4.8.3/../../../../arm-none-eabi/lib/armv7-m\libg.a(lib_a-impure.o)
                0x00088be8                _global_impure_ptr
 .rodata.blanks.6717